Archive member included to satisfy reference by file (symbol)

/home/linkachu/st/stm32cubeide_1.10.1/plugins/com.st.stm32cube.ide.mcu.externaltools.gnu-tools-for-stm32.10.3-2021.10.linux64_1.0.0.202111181127/tools/bin/../lib/gcc/arm-none-eabi/10.3.1/../../../../arm-none-eabi/lib/thumb/v7e-m+fp/hard/libc_nano.a(lib_a-errno.o)
                              ./Core/Src/syscalls.o (__errno)
/home/linkachu/st/stm32cubeide_1.10.1/plugins/com.st.stm32cube.ide.mcu.externaltools.gnu-tools-for-stm32.10.3-2021.10.linux64_1.0.0.202111181127/tools/bin/../lib/gcc/arm-none-eabi/10.3.1/../../../../arm-none-eabi/lib/thumb/v7e-m+fp/hard/libc_nano.a(lib_a-exit.o)
                              /home/linkachu/st/stm32cubeide_1.10.1/plugins/com.st.stm32cube.ide.mcu.externaltools.gnu-tools-for-stm32.10.3-2021.10.linux64_1.0.0.202111181127/tools/bin/../lib/gcc/arm-none-eabi/10.3.1/../../../../arm-none-eabi/lib/thumb/v7e-m+fp/hard/crt0.o (exit)
/home/linkachu/st/stm32cubeide_1.10.1/plugins/com.st.stm32cube.ide.mcu.externaltools.gnu-tools-for-stm32.10.3-2021.10.linux64_1.0.0.202111181127/tools/bin/../lib/gcc/arm-none-eabi/10.3.1/../../../../arm-none-eabi/lib/thumb/v7e-m+fp/hard/libc_nano.a(lib_a-impure.o)
                              /home/linkachu/st/stm32cubeide_1.10.1/plugins/com.st.stm32cube.ide.mcu.externaltools.gnu-tools-for-stm32.10.3-2021.10.linux64_1.0.0.202111181127/tools/bin/../lib/gcc/arm-none-eabi/10.3.1/../../../../arm-none-eabi/lib/thumb/v7e-m+fp/hard/libc_nano.a(lib_a-exit.o) (_global_impure_ptr)
/home/linkachu/st/stm32cubeide_1.10.1/plugins/com.st.stm32cube.ide.mcu.externaltools.gnu-tools-for-stm32.10.3-2021.10.linux64_1.0.0.202111181127/tools/bin/../lib/gcc/arm-none-eabi/10.3.1/../../../../arm-none-eabi/lib/thumb/v7e-m+fp/hard/libc_nano.a(lib_a-init.o)
                              /home/linkachu/st/stm32cubeide_1.10.1/plugins/com.st.stm32cube.ide.mcu.externaltools.gnu-tools-for-stm32.10.3-2021.10.linux64_1.0.0.202111181127/tools/bin/../lib/gcc/arm-none-eabi/10.3.1/../../../../arm-none-eabi/lib/thumb/v7e-m+fp/hard/crt0.o (__libc_init_array)
/home/linkachu/st/stm32cubeide_1.10.1/plugins/com.st.stm32cube.ide.mcu.externaltools.gnu-tools-for-stm32.10.3-2021.10.linux64_1.0.0.202111181127/tools/bin/../lib/gcc/arm-none-eabi/10.3.1/../../../../arm-none-eabi/lib/thumb/v7e-m+fp/hard/libc_nano.a(lib_a-memcpy-stub.o)
                              ./ThirdParty/FreeRTOS/queue.o (memcpy)
/home/linkachu/st/stm32cubeide_1.10.1/plugins/com.st.stm32cube.ide.mcu.externaltools.gnu-tools-for-stm32.10.3-2021.10.linux64_1.0.0.202111181127/tools/bin/../lib/gcc/arm-none-eabi/10.3.1/../../../../arm-none-eabi/lib/thumb/v7e-m+fp/hard/libc_nano.a(lib_a-memset.o)
                              /home/linkachu/st/stm32cubeide_1.10.1/plugins/com.st.stm32cube.ide.mcu.externaltools.gnu-tools-for-stm32.10.3-2021.10.linux64_1.0.0.202111181127/tools/bin/../lib/gcc/arm-none-eabi/10.3.1/../../../../arm-none-eabi/lib/thumb/v7e-m+fp/hard/crt0.o (memset)
/home/linkachu/st/stm32cubeide_1.10.1/plugins/com.st.stm32cube.ide.mcu.externaltools.gnu-tools-for-stm32.10.3-2021.10.linux64_1.0.0.202111181127/tools/bin/../lib/gcc/arm-none-eabi/10.3.1/../../../../arm-none-eabi/lib/thumb/v7e-m+fp/hard/libc_nano.a(lib_a-puts.o)
                              ./Core/Src/main.o (puts)
/home/linkachu/st/stm32cubeide_1.10.1/plugins/com.st.stm32cube.ide.mcu.externaltools.gnu-tools-for-stm32.10.3-2021.10.linux64_1.0.0.202111181127/tools/bin/../lib/gcc/arm-none-eabi/10.3.1/../../../../arm-none-eabi/lib/thumb/v7e-m+fp/hard/libc_nano.a(lib_a-wbuf.o)
                              /home/linkachu/st/stm32cubeide_1.10.1/plugins/com.st.stm32cube.ide.mcu.externaltools.gnu-tools-for-stm32.10.3-2021.10.linux64_1.0.0.202111181127/tools/bin/../lib/gcc/arm-none-eabi/10.3.1/../../../../arm-none-eabi/lib/thumb/v7e-m+fp/hard/libc_nano.a(lib_a-puts.o) (__swbuf_r)
/home/linkachu/st/stm32cubeide_1.10.1/plugins/com.st.stm32cube.ide.mcu.externaltools.gnu-tools-for-stm32.10.3-2021.10.linux64_1.0.0.202111181127/tools/bin/../lib/gcc/arm-none-eabi/10.3.1/../../../../arm-none-eabi/lib/thumb/v7e-m+fp/hard/libc_nano.a(lib_a-wsetup.o)
                              /home/linkachu/st/stm32cubeide_1.10.1/plugins/com.st.stm32cube.ide.mcu.externaltools.gnu-tools-for-stm32.10.3-2021.10.linux64_1.0.0.202111181127/tools/bin/../lib/gcc/arm-none-eabi/10.3.1/../../../../arm-none-eabi/lib/thumb/v7e-m+fp/hard/libc_nano.a(lib_a-puts.o) (__swsetup_r)
/home/linkachu/st/stm32cubeide_1.10.1/plugins/com.st.stm32cube.ide.mcu.externaltools.gnu-tools-for-stm32.10.3-2021.10.linux64_1.0.0.202111181127/tools/bin/../lib/gcc/arm-none-eabi/10.3.1/../../../../arm-none-eabi/lib/thumb/v7e-m+fp/hard/libc_nano.a(lib_a-fflush.o)
                              /home/linkachu/st/stm32cubeide_1.10.1/plugins/com.st.stm32cube.ide.mcu.externaltools.gnu-tools-for-stm32.10.3-2021.10.linux64_1.0.0.202111181127/tools/bin/../lib/gcc/arm-none-eabi/10.3.1/../../../../arm-none-eabi/lib/thumb/v7e-m+fp/hard/libc_nano.a(lib_a-wbuf.o) (_fflush_r)
[...]
Memory Configuration

Name             Origin             Length             Attributes
CCMRAM           0x0000000010000000 0x0000000000010000 xrw
RAM              0x0000000020000000 0x0000000000020000 xrw
FLASH            0x0000000008000000 0x0000000000100000 xr
*default*        0x0000000000000000 0xffffffffffffffff

Linker script and memory map

LOAD /home/linkachu/st/stm32cubeide_1.10.1/plugins/com.st.stm32cube.ide.mcu.externaltools.gnu-tools-for-stm32.10.3-2021.10.linux64_1.0.0.202111181127/tools/bin/../lib/gcc/arm-none-eabi/10.3.1/thumb/v7e-m+fp/hard/crti.o
LOAD /home/linkachu/st/stm32cubeide_1.10.1/plugins/com.st.stm32cube.ide.mcu.externaltools.gnu-tools-for-stm32.10.3-2021.10.linux64_1.0.0.202111181127/tools/bin/../lib/gcc/arm-none-eabi/10.3.1/thumb/v7e-m+fp/hard/crtbegin.o
LOAD /home/linkachu/st/stm32cubeide_1.10.1/plugins/com.st.stm32cube.ide.mcu.externaltools.gnu-tools-for-stm32.10.3-2021.10.linux64_1.0.0.202111181127/tools/bin/../lib/gcc/arm-none-eabi/10.3.1/../../../../arm-none-eabi/lib/thumb/v7e-m+fp/hard/crt0.o
LOAD ./Core/Src/main.o
LOAD ./Core/Src/stm32f4xx_hal_msp.o
LOAD ./Core/Src/stm32f4xx_hal_timebase_tim.o
LOAD ./Core/Src/stm32f4xx_it.o
LOAD ./Core/Src/syscalls.o
LOAD ./Core/Src/system_stm32f4xx.o
LOAD ./Core/Startup/startup_stm32f407vgtx.o
LOAD ./Drivers/STM32F4xx_HAL_Driver/Src/stm32f4xx_hal.o
LOAD ./Drivers/STM32F4xx_HAL_Driver/Src/stm32f4xx_hal_cortex.o
LOAD ./Drivers/STM32F4xx_HAL_Driver/Src/stm32f4xx_hal_dma.o
LOAD ./Drivers/STM32F4xx_HAL_Driver/Src/stm32f4xx_hal_dma_ex.o
LOAD ./Drivers/STM32F4xx_HAL_Driver/Src/stm32f4xx_hal_exti.o
LOAD ./Drivers/STM32F4xx_HAL_Driver/Src/stm32f4xx_hal_flash.o
LOAD ./Drivers/STM32F4xx_HAL_Driver/Src/stm32f4xx_hal_flash_ex.o
LOAD ./Drivers/STM32F4xx_HAL_Driver/Src/stm32f4xx_hal_flash_ramfunc.o
LOAD ./Drivers/STM32F4xx_HAL_Driver/Src/stm32f4xx_hal_gpio.o
LOAD ./Drivers/STM32F4xx_HAL_Driver/Src/stm32f4xx_hal_pwr.o
LOAD ./Drivers/STM32F4xx_HAL_Driver/Src/stm32f4xx_hal_pwr_ex.o
LOAD ./Drivers/STM32F4xx_HAL_Driver/Src/stm32f4xx_hal_rcc.o
LOAD ./Drivers/STM32F4xx_HAL_Driver/Src/stm32f4xx_hal_rcc_ex.o
LOAD ./Drivers/STM32F4xx_HAL_Driver/Src/stm32f4xx_hal_tim.o
LOAD ./Drivers/STM32F4xx_HAL_Driver/Src/stm32f4xx_hal_tim_ex.o
LOAD ./ThirdParty/FreeRTOS/croutine.o
LOAD ./ThirdParty/FreeRTOS/event_groups.o
LOAD ./ThirdParty/FreeRTOS/list.o
LOAD ./ThirdParty/FreeRTOS/queue.o
LOAD ./ThirdParty/FreeRTOS/stream_buffer.o
LOAD ./ThirdParty/FreeRTOS/tasks.o
LOAD ./ThirdParty/FreeRTOS/timers.o
LOAD ./ThirdParty/FreeRTOS/portable/GCC/ARM_CM4F/port.o
LOAD ./ThirdParty/FreeRTOS/portable/MemMang/heap_4.o
START GROUP
LOAD /home/linkachu/st/stm32cubeide_1.10.1/plugins/com.st.stm32cube.ide.mcu.externaltools.gnu-tools-for-stm32.10.3-2021.10.linux64_1.0.0.202111181127/tools/bin/../lib/gcc/arm-none-eabi/10.3.1/../../../../arm-none-eabi/lib/thumb/v7e-m+fp/hard/libc_nano.a
LOAD /home/linkachu/st/stm32cubeide_1.10.1/plugins/com.st.stm32cube.ide.mcu.externaltools.gnu-tools-for-stm32.10.3-2021.10.linux64_1.0.0.202111181127/tools/bin/../lib/gcc/arm-none-eabi/10.3.1/../../../../arm-none-eabi/lib/thumb/v7e-m+fp/hard/libm.a
END GROUP
START GROUP
LOAD /home/linkachu/st/stm32cubeide_1.10.1/plugins/com.st.stm32cube.ide.mcu.externaltools.gnu-tools-for-stm32.10.3-2021.10.linux64_1.0.0.202111181127/tools/bin/../lib/gcc/arm-none-eabi/10.3.1/thumb/v7e-m+fp/hard/libgcc.a
LOAD /home/linkachu/st/stm32cubeide_1.10.1/plugins/com.st.stm32cube.ide.mcu.externaltools.gnu-tools-for-stm32.10.3-2021.10.linux64_1.0.0.202111181127/tools/bin/../lib/gcc/arm-none-eabi/10.3.1/../../../../arm-none-eabi/lib/thumb/v7e-m+fp/hard/libc_nano.a
END GROUP
START GROUP
LOAD /home/linkachu/st/stm32cubeide_1.10.1/plugins/com.st.stm32cube.ide.mcu.externaltools.gnu-tools-for-stm32.10.3-2021.10.linux64_1.0.0.202111181127/tools/bin/../lib/gcc/arm-none-eabi/10.3.1/thumb/v7e-m+fp/hard/libgcc.a
LOAD /home/linkachu/st/stm32cubeide_1.10.1/plugins/com.st.stm32cube.ide.mcu.externaltools.gnu-tools-for-stm32.10.3-2021.10.linux64_1.0.0.202111181127/tools/bin/../lib/gcc/arm-none-eabi/10.3.1/../../../../arm-none-eabi/lib/thumb/v7e-m+fp/hard/libc_nano.a
LOAD /home/linkachu/st/stm32cubeide_1.10.1/plugins/com.st.stm32cube.ide.mcu.externaltools.gnu-tools-for-stm32.10.3-2021.10.linux64_1.0.0.202111181127/tools/bin/../lib/gcc/arm-none-eabi/10.3.1/../../../../arm-none-eabi/lib/thumb/v7e-m+fp/hard/libnosys.a
END GROUP
START GROUP
LOAD /home/linkachu/st/stm32cubeide_1.10.1/plugins/com.st.stm32cube.ide.mcu.externaltools.gnu-tools-for-stm32.10.3-2021.10.linux64_1.0.0.202111181127/tools/bin/../lib/gcc/arm-none-eabi/10.3.1/thumb/v7e-m+fp/hard/libgcc.a
LOAD /home/linkachu/st/stm32cubeide_1.10.1/plugins/com.st.stm32cube.ide.mcu.externaltools.gnu-tools-for-stm32.10.3-2021.10.linux64_1.0.0.202111181127/tools/bin/../lib/gcc/arm-none-eabi/10.3.1/../../../../arm-none-eabi/lib/thumb/v7e-m+fp/hard/libc_nano.a
LOAD /home/linkachu/st/stm32cubeide_1.10.1/plugins/com.st.stm32cube.ide.mcu.externaltools.gnu-tools-for-stm32.10.3-2021.10.linux64_1.0.0.202111181127/tools/bin/../lib/gcc/arm-none-eabi/10.3.1/../../../../arm-none-eabi/lib/thumb/v7e-m+fp/hard/libnosys.a
END GROUP
LOAD /home/linkachu/st/stm32cubeide_1.10.1/plugins/com.st.stm32cube.ide.mcu.externaltools.gnu-tools-for-stm32.10.3-2021.10.linux64_1.0.0.202111181127/tools/bin/../lib/gcc/arm-none-eabi/10.3.1/thumb/v7e-m+fp/hard/crtend.o
LOAD /home/linkachu/st/stm32cubeide_1.10.1/plugins/com.st.stm32cube.ide.mcu.externaltools.gnu-tools-for-stm32.10.3-2021.10.linux64_1.0.0.202111181127/tools/bin/../lib/gcc/arm-none-eabi/10.3.1/thumb/v7e-m+fp/hard/crtn.o
                0x0000000020020000                _estack = (ORIGIN (RAM) + LENGTH (RAM))
                0x0000000000000200                _Min_Heap_Size = 0x200
                0x0000000000000400                _Min_Stack_Size = 0x400

.isr_vector     0x0000000008000000      0x188
                0x0000000008000000                . = ALIGN (0x4)
 *(.isr_vector)
 .isr_vector    0x0000000008000000      0x188 ./Core/Startup/startup_stm32f407vgtx.o
                0x0000000008000000                g_pfnVectors
                0x0000000008000188                . = ALIGN (0x4)

.text           0x0000000008000190     0x503c
                0x0000000008000190                . = ALIGN (0x4)
 *(.text)
 .text          0x0000000008000190       0x40 /home/linkachu/st/stm32cubeide_1.10.1/plugins/com.st.stm32cube.ide.mcu.externaltools.gnu-tools-for-stm32.10.3-2021.10.linux64_1.0.0.202111181127/tools/bin/../lib/gcc/arm-none-eabi/10.3.1/thumb/v7e-m+fp/hard/crtbegin.o
 .text          0x00000000080001d0       0x30 /home/linkachu/st/stm32cubeide_1.10.1/plugins/com.st.stm32cube.ide.mcu.externaltools.gnu-tools-for-stm32.10.3-2021.10.linux64_1.0.0.202111181127/tools/bin/../lib/gcc/arm-none-eabi/10.3.1/thumb/v7e-m+fp/hard/libgcc.a(_aeabi_uldivmod.o)
                0x00000000080001d0                __aeabi_uldivmod
 .text          0x0000000008000200      0x2d0 /home/linkachu/st/stm32cubeide_1.10.1/plugins/com.st.stm32cube.ide.mcu.externaltools.gnu-tools-for-stm32.10.3-2021.10.linux64_1.0.0.202111181127/tools/bin/../lib/gcc/arm-none-eabi/10.3.1/thumb/v7e-m+fp/hard/libgcc.a(_udivmoddi4.o)
                0x0000000008000200                __udivmoddi4
 .text          0x00000000080004d0        0x4 /home/linkachu/st/stm32cubeide_1.10.1/plugins/com.st.stm32cube.ide.mcu.externaltools.gnu-tools-for-stm32.10.3-2021.10.linux64_1.0.0.202111181127/tools/bin/../lib/gcc/arm-none-eabi/10.3.1/thumb/v7e-m+fp/hard/libgcc.a(_dvmd_tls.o)
                0x00000000080004d0                __aeabi_ldiv0
                0x00000000080004d0                __aeabi_idiv0
 *(.text*)
 .text.main     0x00000000080004d4       0x94 ./Core/Src/main.o
                0x00000000080004d4                main
 .text.SystemClock_Config
                0x0000000008000568       0xd4 ./Core/Src/main.o
                0x0000000008000568                SystemClock_Config
 .text.MX_GPIO_Init
                0x000000000800063c      0x2bc ./Core/Src/main.o
 .text.printMessage1
                0x00000000080008f8       0x10 ./Core/Src/main.o
                0x00000000080008f8                printMessage1
 .text.printMessage2
                0x0000000008000908       0x10 ./Core/Src/main.o
                0x0000000008000908                printMessage2
 .text.HAL_TIM_PeriodElapsedCallback
                0x0000000008000918       0x24 ./Core/Src/main.o
                0x0000000008000918                HAL_TIM_PeriodElapsedCallback
 .text.Error_Handler
                0x000000000800093c        0xa ./Core/Src/main.o
                0x000000000800093c                Error_Handler
 *fill*         0x0000000008000946        0x2 
 .text.HAL_MspInit
                0x0000000008000948       0x50 ./Core/Src/stm32f4xx_hal_msp.o
                0x0000000008000948                HAL_MspInit
 .text.HAL_InitTick
                0x0000000008000998       0xf8 ./Core/Src/stm32f4xx_hal_timebase_tim.o
                0x0000000008000998                HAL_InitTick
 .text.NMI_Handler
                0x0000000008000a90        0x6 ./Core/Src/stm32f4xx_it.o
                0x0000000008000a90                NMI_Handler
 .text.HardFault_Handler
                0x0000000008000a96        0x6 ./Core/Src/stm32f4xx_it.o
                0x0000000008000a96                HardFault_Handler
 .text.MemManage_Handler
                0x0000000008000a9c        0x6 ./Core/Src/stm32f4xx_it.o
                0x0000000008000a9c                MemManage_Handler
 .text.BusFault_Handler
                0x0000000008000aa2        0x6 ./Core/Src/stm32f4xx_it.o
                0x0000000008000aa2                BusFault_Handler
 .text.UsageFault_Handler
                0x0000000008000aa8        0x6 ./Core/Src/stm32f4xx_it.o
                0x0000000008000aa8                UsageFault_Handler
 .text.DebugMon_Handler
                0x0000000008000aae        0xe ./Core/Src/stm32f4xx_it.o
                0x0000000008000aae                DebugMon_Handler
 .text.TIM6_DAC_IRQHandler
                0x0000000008000abc       0x14 ./Core/Src/stm32f4xx_it.o
                0x0000000008000abc                TIM6_DAC_IRQHandler
 .text._read    0x0000000008000ad0       0x3a ./Core/Src/syscalls.o
                0x0000000008000ad0                _read
 .text._write   0x0000000008000b0a       0x38 ./Core/Src/syscalls.o
                0x0000000008000b0a                _write
 .text._close   0x0000000008000b42       0x18 ./Core/Src/syscalls.o
                0x0000000008000b42                _close
 .text._fstat   0x0000000008000b5a       0x20 ./Core/Src/syscalls.o
                0x0000000008000b5a                _fstat
 .text._isatty  0x0000000008000b7a       0x16 ./Core/Src/syscalls.o
                0x0000000008000b7a                _isatty
 .text._lseek   0x0000000008000b90       0x1a ./Core/Src/syscalls.o
                0x0000000008000b90                _lseek
 *fill*         0x0000000008000baa        0x2 
 .text.SystemInit
                0x0000000008000bac       0x24 ./Core/Src/system_stm32f4xx.o
                0x0000000008000bac                SystemInit
 .text.Reset_Handler
                0x0000000008000bd0       0x50 ./Core/Startup/startup_stm32f407vgtx.o
                0x0000000008000bd0                Reset_Handler
 .text.Default_Handler
                0x0000000008000c20        0x2 ./Core/Startup/startup_stm32f407vgtx.o
                0x0000000008000c20                RTC_Alarm_IRQHandler
                0x0000000008000c20                HASH_RNG_IRQHandler
                0x0000000008000c20                EXTI2_IRQHandler
                0x0000000008000c20                TIM8_CC_IRQHandler
                0x0000000008000c20                TIM1_CC_IRQHandler
                0x0000000008000c20                DMA2_Stream5_IRQHandler
                0x0000000008000c20                DMA1_Stream5_IRQHandler
                0x0000000008000c20                PVD_IRQHandler
                0x0000000008000c20                SDIO_IRQHandler
                0x0000000008000c20                TAMP_STAMP_IRQHandler
                0x0000000008000c20                CAN2_RX1_IRQHandler
                0x0000000008000c20                EXTI3_IRQHandler
                0x0000000008000c20                TIM8_TRG_COM_TIM14_IRQHandler
                0x0000000008000c20                TIM1_UP_TIM10_IRQHandler
                0x0000000008000c20                TIM8_UP_TIM13_IRQHandler
                0x0000000008000c20                I2C3_ER_IRQHandler
                0x0000000008000c20                EXTI0_IRQHandler
                0x0000000008000c20                I2C2_EV_IRQHandler
                0x0000000008000c20                DMA1_Stream2_IRQHandler
                0x0000000008000c20                CAN1_RX0_IRQHandler
                0x0000000008000c20                FPU_IRQHandler
                0x0000000008000c20                OTG_HS_WKUP_IRQHandler
                0x0000000008000c20                CAN2_SCE_IRQHandler
                0x0000000008000c20                DMA2_Stream2_IRQHandler
                0x0000000008000c20                SPI1_IRQHandler
                0x0000000008000c20                TIM1_BRK_TIM9_IRQHandler
                0x0000000008000c20                DCMI_IRQHandler
                0x0000000008000c20                CAN2_RX0_IRQHandler
                0x0000000008000c20                DMA2_Stream3_IRQHandler
                0x0000000008000c20                USART6_IRQHandler
                0x0000000008000c20                USART3_IRQHandler
                0x0000000008000c20                CAN1_RX1_IRQHandler
                0x0000000008000c20                UART5_IRQHandler
                0x0000000008000c20                DMA2_Stream0_IRQHandler
                0x0000000008000c20                TIM4_IRQHandler
                0x0000000008000c20                I2C1_EV_IRQHandler
                0x0000000008000c20                DMA1_Stream6_IRQHandler
                0x0000000008000c20                DMA1_Stream1_IRQHandler
                0x0000000008000c20                UART4_IRQHandler
                0x0000000008000c20                TIM3_IRQHandler
                0x0000000008000c20                RCC_IRQHandler
                0x0000000008000c20                TIM8_BRK_TIM12_IRQHandler
                0x0000000008000c20                Default_Handler
                0x0000000008000c20                EXTI15_10_IRQHandler
                0x0000000008000c20                ADC_IRQHandler
                0x0000000008000c20                DMA1_Stream7_IRQHandler
                0x0000000008000c20                TIM7_IRQHandler
                0x0000000008000c20                CAN2_TX_IRQHandler
                0x0000000008000c20                TIM5_IRQHandler
                0x0000000008000c20                DMA2_Stream7_IRQHandler
                0x0000000008000c20                I2C3_EV_IRQHandler
                0x0000000008000c20                EXTI9_5_IRQHandler
                0x0000000008000c20                RTC_WKUP_IRQHandler
                0x0000000008000c20                ETH_WKUP_IRQHandler
                0x0000000008000c20                SPI2_IRQHandler
                0x0000000008000c20                OTG_HS_EP1_IN_IRQHandler
                0x0000000008000c20                DMA1_Stream0_IRQHandler
                0x0000000008000c20                CAN1_TX_IRQHandler
                0x0000000008000c20                EXTI4_IRQHandler
                0x0000000008000c20                FSMC_IRQHandler
                0x0000000008000c20                ETH_IRQHandler
                0x0000000008000c20                OTG_HS_EP1_OUT_IRQHandler
                0x0000000008000c20                WWDG_IRQHandler
                0x0000000008000c20                TIM2_IRQHandler
                0x0000000008000c20                OTG_FS_WKUP_IRQHandler
                0x0000000008000c20                TIM1_TRG_COM_TIM11_IRQHandler
                0x0000000008000c20                OTG_HS_IRQHandler
                0x0000000008000c20                EXTI1_IRQHandler
                0x0000000008000c20                USART2_IRQHandler
                0x0000000008000c20                I2C2_ER_IRQHandler
                0x0000000008000c20                DMA2_Stream1_IRQHandler
                0x0000000008000c20                CAN1_SCE_IRQHandler
                0x0000000008000c20                FLASH_IRQHandler
                0x0000000008000c20                DMA2_Stream4_IRQHandler
                0x0000000008000c20                USART1_IRQHandler
                0x0000000008000c20                OTG_FS_IRQHandler
                0x0000000008000c20                SPI3_IRQHandler
                0x0000000008000c20                DMA1_Stream4_IRQHandler
                0x0000000008000c20                I2C1_ER_IRQHandler
                0x0000000008000c20                DMA2_Stream6_IRQHandler
                0x0000000008000c20                DMA1_Stream3_IRQHandler
 *fill*         0x0000000008000c22        0x2 
 .text.HAL_Init
                0x0000000008000c24       0x44 ./Drivers/STM32F4xx_HAL_Driver/Src/stm32f4xx_hal.o
                0x0000000008000c24                HAL_Init
 .text.HAL_IncTick
                0x0000000008000c68       0x28 ./Drivers/STM32F4xx_HAL_Driver/Src/stm32f4xx_hal.o
                0x0000000008000c68                HAL_IncTick
 .text.HAL_GetTick
                0x0000000008000c90       0x18 ./Drivers/STM32F4xx_HAL_Driver/Src/stm32f4xx_hal.o
                0x0000000008000c90                HAL_GetTick
 .text.__NVIC_SetPriorityGrouping
                0x0000000008000ca8       0x48 ./Drivers/STM32F4xx_HAL_Driver/Src/stm32f4xx_hal_cortex.o
 .text.__NVIC_GetPriorityGrouping
                0x0000000008000cf0       0x1c ./Drivers/STM32F4xx_HAL_Driver/Src/stm32f4xx_hal_cortex.o
 .text.__NVIC_EnableIRQ
                0x0000000008000d0c       0x3c ./Drivers/STM32F4xx_HAL_Driver/Src/stm32f4xx_hal_cortex.o
 .text.__NVIC_SetPriority
                0x0000000008000d48       0x54 ./Drivers/STM32F4xx_HAL_Driver/Src/stm32f4xx_hal_cortex.o
 .text.NVIC_EncodePriority
                0x0000000008000d9c       0x66 ./Drivers/STM32F4xx_HAL_Driver/Src/stm32f4xx_hal_cortex.o
 .text.HAL_NVIC_SetPriorityGrouping
                0x0000000008000e02       0x16 ./Drivers/STM32F4xx_HAL_Driver/Src/stm32f4xx_hal_cortex.o
                0x0000000008000e02                HAL_NVIC_SetPriorityGrouping
 .text.HAL_NVIC_SetPriority
                0x0000000008000e18       0x38 ./Drivers/STM32F4xx_HAL_Driver/Src/stm32f4xx_hal_cortex.o
                0x0000000008000e18                HAL_NVIC_SetPriority
 .text.HAL_NVIC_EnableIRQ
                0x0000000008000e50       0x1c ./Drivers/STM32F4xx_HAL_Driver/Src/stm32f4xx_hal_cortex.o
                0x0000000008000e50                HAL_NVIC_EnableIRQ
 .text.HAL_GPIO_Init
                0x0000000008000e6c      0x338 ./Drivers/STM32F4xx_HAL_Driver/Src/stm32f4xx_hal_gpio.o
                0x0000000008000e6c                HAL_GPIO_Init
 .text.HAL_GPIO_WritePin
                0x00000000080011a4       0x32 ./Drivers/STM32F4xx_HAL_Driver/Src/stm32f4xx_hal_gpio.o
                0x00000000080011a4                HAL_GPIO_WritePin
 *fill*         0x00000000080011d6        0x2 
 .text.HAL_RCC_OscConfig
                0x00000000080011d8      0x4f0 ./Drivers/STM32F4xx_HAL_Driver/Src/stm32f4xx_hal_rcc.o
                0x00000000080011d8                HAL_RCC_OscConfig
 .text.HAL_RCC_ClockConfig
                0x00000000080016c8      0x1cc ./Drivers/STM32F4xx_HAL_Driver/Src/stm32f4xx_hal_rcc.o
                0x00000000080016c8                HAL_RCC_ClockConfig
 .text.HAL_RCC_GetSysClockFreq
                0x0000000008001894      0x20c ./Drivers/STM32F4xx_HAL_Driver/Src/stm32f4xx_hal_rcc.o
                0x0000000008001894                HAL_RCC_GetSysClockFreq
 .text.HAL_RCC_GetHCLKFreq
                0x0000000008001aa0       0x18 ./Drivers/STM32F4xx_HAL_Driver/Src/stm32f4xx_hal_rcc.o
                0x0000000008001aa0                HAL_RCC_GetHCLKFreq
 .text.HAL_RCC_GetPCLK1Freq
                0x0000000008001ab8       0x28 ./Drivers/STM32F4xx_HAL_Driver/Src/stm32f4xx_hal_rcc.o
                0x0000000008001ab8                HAL_RCC_GetPCLK1Freq
 .text.HAL_RCC_GetClockConfig
                0x0000000008001ae0       0x64 ./Drivers/STM32F4xx_HAL_Driver/Src/stm32f4xx_hal_rcc.o
                0x0000000008001ae0                HAL_RCC_GetClockConfig
 .text.HAL_TIM_Base_Init
                0x0000000008001b44       0x9e ./Drivers/STM32F4xx_HAL_Driver/Src/stm32f4xx_hal_tim.o
                0x0000000008001b44                HAL_TIM_Base_Init
 .text.HAL_TIM_Base_MspInit
                0x0000000008001be2       0x14 ./Drivers/STM32F4xx_HAL_Driver/Src/stm32f4xx_hal_tim.o
                0x0000000008001be2                HAL_TIM_Base_MspInit
 *fill*         0x0000000008001bf6        0x2 
 .text.HAL_TIM_Base_Start_IT
                0x0000000008001bf8       0xe0 ./Drivers/STM32F4xx_HAL_Driver/Src/stm32f4xx_hal_tim.o
                0x0000000008001bf8                HAL_TIM_Base_Start_IT
 .text.HAL_TIM_IRQHandler
                0x0000000008001cd8      0x210 ./Drivers/STM32F4xx_HAL_Driver/Src/stm32f4xx_hal_tim.o
                0x0000000008001cd8                HAL_TIM_IRQHandler
 .text.HAL_TIM_OC_DelayElapsedCallback
                0x0000000008001ee8       0x14 ./Drivers/STM32F4xx_HAL_Driver/Src/stm32f4xx_hal_tim.o
                0x0000000008001ee8                HAL_TIM_OC_DelayElapsedCallback
 .text.HAL_TIM_IC_CaptureCallback
                0x0000000008001efc       0x14 ./Drivers/STM32F4xx_HAL_Driver/Src/stm32f4xx_hal_tim.o
                0x0000000008001efc                HAL_TIM_IC_CaptureCallback
 .text.HAL_TIM_PWM_PulseFinishedCallback
                0x0000000008001f10       0x14 ./Drivers/STM32F4xx_HAL_Driver/Src/stm32f4xx_hal_tim.o
                0x0000000008001f10                HAL_TIM_PWM_PulseFinishedCallback
 .text.HAL_TIM_TriggerCallback
                0x0000000008001f24       0x14 ./Drivers/STM32F4xx_HAL_Driver/Src/stm32f4xx_hal_tim.o
                0x0000000008001f24                HAL_TIM_TriggerCallback
 .text.TIM_Base_SetConfig
                0x0000000008001f38      0x140 ./Drivers/STM32F4xx_HAL_Driver/Src/stm32f4xx_hal_tim.o
                0x0000000008001f38                TIM_Base_SetConfig
 .text.HAL_TIMEx_CommutCallback
                0x0000000008002078       0x14 ./Drivers/STM32F4xx_HAL_Driver/Src/stm32f4xx_hal_tim_ex.o
                0x0000000008002078                HAL_TIMEx_CommutCallback
 .text.HAL_TIMEx_BreakCallback
                0x000000000800208c       0x14 ./Drivers/STM32F4xx_HAL_Driver/Src/stm32f4xx_hal_tim_ex.o
                0x000000000800208c                HAL_TIMEx_BreakCallback
 .text.vListInitialise
                0x00000000080020a0       0x40 ./ThirdParty/FreeRTOS/list.o
                0x00000000080020a0                vListInitialise
 .text.vListInitialiseItem
                0x00000000080020e0       0x1a ./ThirdParty/FreeRTOS/list.o
                0x00000000080020e0                vListInitialiseItem
 .text.vListInsertEnd
                0x00000000080020fa       0x48 ./ThirdParty/FreeRTOS/list.o
                0x00000000080020fa                vListInsertEnd
 .text.vListInsert
                0x0000000008002142       0x72 ./ThirdParty/FreeRTOS/list.o
                0x0000000008002142                vListInsert
 .text.uxListRemove
                0x00000000080021b4       0x54 ./ThirdParty/FreeRTOS/list.o
                0x00000000080021b4                uxListRemove
 .text.xQueueGenericReset
                0x0000000008002208       0xd0 ./ThirdParty/FreeRTOS/queue.o
                0x0000000008002208                xQueueGenericReset
 .text.xQueueGenericCreate
                0x00000000080022d8       0xbe ./ThirdParty/FreeRTOS/queue.o
                0x00000000080022d8                xQueueGenericCreate
 .text.prvInitialiseNewQueue
                0x0000000008002396       0x46 ./ThirdParty/FreeRTOS/queue.o
 .text.xQueueGenericSend
                0x00000000080023dc      0x1fc ./ThirdParty/FreeRTOS/queue.o
                0x00000000080023dc                xQueueGenericSend
 .text.xQueueGenericSendFromISR
                0x00000000080025d8      0x154 ./ThirdParty/FreeRTOS/queue.o
                0x00000000080025d8                xQueueGenericSendFromISR
 .text.xQueueReceive
                0x000000000800272c      0x1c0 ./ThirdParty/FreeRTOS/queue.o
                0x000000000800272c                xQueueReceive
 .text.prvCopyDataToQueue
                0x00000000080028ec       0xd4 ./ThirdParty/FreeRTOS/queue.o
 .text.prvCopyDataFromQueue
                0x00000000080029c0       0x4c ./ThirdParty/FreeRTOS/queue.o
 .text.prvUnlockQueue
                0x0000000008002a0c       0xa4 ./ThirdParty/FreeRTOS/queue.o
 .text.prvIsQueueEmpty
                0x0000000008002ab0       0x2c ./ThirdParty/FreeRTOS/queue.o
 .text.prvIsQueueFull
                0x0000000008002adc       0x30 ./ThirdParty/FreeRTOS/queue.o
 .text.vQueueAddToRegistry
                0x0000000008002b0c       0x54 ./ThirdParty/FreeRTOS/queue.o
                0x0000000008002b0c                vQueueAddToRegistry
 .text.vQueueWaitForMessageRestricted
                0x0000000008002b60       0x68 ./ThirdParty/FreeRTOS/queue.o
                0x0000000008002b60                vQueueWaitForMessageRestricted
 .text.xTaskCreate
                0x0000000008002bc8       0x82 ./ThirdParty/FreeRTOS/tasks.o
                0x0000000008002bc8                xTaskCreate
 .text.prvInitialiseNewTask
                0x0000000008002c4a      0x12c ./ThirdParty/FreeRTOS/tasks.o
 *fill*         0x0000000008002d76        0x2 
 .text.prvAddNewTaskToReadyList
                0x0000000008002d78       0xdc ./ThirdParty/FreeRTOS/tasks.o
 .text.vTaskStartScheduler
                0x0000000008002e54       0xa4 ./ThirdParty/FreeRTOS/tasks.o
                0x0000000008002e54                vTaskStartScheduler
 .text.vTaskSuspendAll
                0x0000000008002ef8       0x1c ./ThirdParty/FreeRTOS/tasks.o
                0x0000000008002ef8                vTaskSuspendAll
 .text.xTaskResumeAll
                0x0000000008002f14      0x138 ./ThirdParty/FreeRTOS/tasks.o
                0x0000000008002f14                xTaskResumeAll
 .text.xTaskGetTickCount
                0x000000000800304c       0x20 ./ThirdParty/FreeRTOS/tasks.o
                0x000000000800304c                xTaskGetTickCount
 .text.xTaskIncrementTick
                0x000000000800306c      0x170 ./ThirdParty/FreeRTOS/tasks.o
                0x000000000800306c                xTaskIncrementTick
 .text.vTaskSwitchContext
                0x00000000080031dc       0xb8 ./ThirdParty/FreeRTOS/tasks.o
                0x00000000080031dc                vTaskSwitchContext
 .text.vTaskPlaceOnEventList
                0x0000000008003294       0x48 ./ThirdParty/FreeRTOS/tasks.o
                0x0000000008003294                vTaskPlaceOnEventList
 .text.vTaskPlaceOnEventListRestricted
                0x00000000080032dc       0x58 ./ThirdParty/FreeRTOS/tasks.o
                0x00000000080032dc                vTaskPlaceOnEventListRestricted
 .text.xTaskRemoveFromEventList
                0x0000000008003334       0xc4 ./ThirdParty/FreeRTOS/tasks.o
                0x0000000008003334                xTaskRemoveFromEventList
 .text.vTaskInternalSetTimeOutState
                0x00000000080033f8       0x2c ./ThirdParty/FreeRTOS/tasks.o
                0x00000000080033f8                vTaskInternalSetTimeOutState
 .text.xTaskCheckForTimeOut
                0x0000000008003424       0xcc ./ThirdParty/FreeRTOS/tasks.o
                0x0000000008003424                xTaskCheckForTimeOut
 .text.vTaskMissedYield
                0x00000000080034f0       0x18 ./ThirdParty/FreeRTOS/tasks.o
                0x00000000080034f0                vTaskMissedYield
 .text.prvIdleTask
                0x0000000008003508       0x30 ./ThirdParty/FreeRTOS/tasks.o
 .text.prvInitialiseTaskLists
                0x0000000008003538       0x80 ./ThirdParty/FreeRTOS/tasks.o
 .text.prvCheckTasksWaitingTermination
                0x00000000080035b8       0x5c ./ThirdParty/FreeRTOS/tasks.o
 .text.prvDeleteTCB
                0x0000000008003614       0x20 ./ThirdParty/FreeRTOS/tasks.o
 .text.prvResetNextTaskUnblockTime
                0x0000000008003634       0x38 ./ThirdParty/FreeRTOS/tasks.o
 .text.xTaskGetSchedulerState
                0x000000000800366c       0x3c ./ThirdParty/FreeRTOS/tasks.o
                0x000000000800366c                xTaskGetSchedulerState
 .text.xTaskPriorityDisinherit
                0x00000000080036a8       0xf4 ./ThirdParty/FreeRTOS/tasks.o
                0x00000000080036a8                xTaskPriorityDisinherit
 .text.prvAddCurrentTaskToDelayedList
                0x000000000800379c       0xcc ./ThirdParty/FreeRTOS/tasks.o
 .text.xTimerCreateTimerTask
                0x0000000008003868       0x64 ./ThirdParty/FreeRTOS/timers.o
                0x0000000008003868                xTimerCreateTimerTask
 .text.xTimerGenericCommand
                0x00000000080038cc       0x9c ./ThirdParty/FreeRTOS/timers.o
                0x00000000080038cc                xTimerGenericCommand
 .text.prvProcessExpiredTimer
                0x0000000008003968       0x98 ./ThirdParty/FreeRTOS/timers.o
 .text.prvTimerTask
                0x0000000008003a00       0x24 ./ThirdParty/FreeRTOS/timers.o
 .text.prvProcessTimerOrBlockTask
                0x0000000008003a24       0x9c ./ThirdParty/FreeRTOS/timers.o
 .text.prvGetNextExpireTime
                0x0000000008003ac0       0x48 ./ThirdParty/FreeRTOS/timers.o
 .text.prvSampleTimeNow
                0x0000000008003b08       0x40 ./ThirdParty/FreeRTOS/timers.o
 .text.prvInsertTimerInActiveList
                0x0000000008003b48       0x84 ./ThirdParty/FreeRTOS/timers.o
 .text.prvProcessReceivedCommands
                0x0000000008003bcc      0x18c ./ThirdParty/FreeRTOS/timers.o
 .text.prvSwitchTimerLists
                0x0000000008003d58       0xc8 ./ThirdParty/FreeRTOS/timers.o
 .text.prvCheckForValidListAndQueue
                0x0000000008003e20       0x6c ./ThirdParty/FreeRTOS/timers.o
 .text.pxPortInitialiseStack
                0x0000000008003e8c       0x68 ./ThirdParty/FreeRTOS/portable/GCC/ARM_CM4F/port.o
                0x0000000008003e8c                pxPortInitialiseStack
 .text.prvTaskExitError
                0x0000000008003ef4       0x58 ./ThirdParty/FreeRTOS/portable/GCC/ARM_CM4F/port.o
 *fill*         0x0000000008003f4c        0x4 
 .text.SVC_Handler
                0x0000000008003f50       0x28 ./ThirdParty/FreeRTOS/portable/GCC/ARM_CM4F/port.o
                0x0000000008003f50                SVC_Handler
 .text.prvPortStartFirstTask
                0x0000000008003f78       0x2c ./ThirdParty/FreeRTOS/portable/GCC/ARM_CM4F/port.o
 .text.xPortStartScheduler
                0x0000000008003fa4      0x144 ./ThirdParty/FreeRTOS/portable/GCC/ARM_CM4F/port.o
                0x0000000008003fa4                xPortStartScheduler
 .text.vPortEnterCritical
                0x00000000080040e8       0x60 ./ThirdParty/FreeRTOS/portable/GCC/ARM_CM4F/port.o
                0x00000000080040e8                vPortEnterCritical
 .text.vPortExitCritical
                0x0000000008004148       0x54 ./ThirdParty/FreeRTOS/portable/GCC/ARM_CM4F/port.o
                0x0000000008004148                vPortExitCritical
 *fill*         0x000000000800419c        0x4 
 .text.PendSV_Handler
                0x00000000080041a0       0x68 ./ThirdParty/FreeRTOS/portable/GCC/ARM_CM4F/port.o
                0x00000000080041a0                PendSV_Handler
 .text.SysTick_Handler
                0x0000000008004208       0x44 ./ThirdParty/FreeRTOS/portable/GCC/ARM_CM4F/port.o
                0x0000000008004208                SysTick_Handler
 .text.vPortSetupTimerInterrupt
                0x000000000800424c       0x48 ./ThirdParty/FreeRTOS/portable/GCC/ARM_CM4F/port.o
                0x000000000800424c                vPortSetupTimerInterrupt
 .text.vPortEnableVFP
                0x0000000008004294       0x18 ./ThirdParty/FreeRTOS/portable/GCC/ARM_CM4F/port.o
 .text.vPortValidateInterruptPriority
                0x00000000080042ac       0x80 ./ThirdParty/FreeRTOS/portable/GCC/ARM_CM4F/port.o
                0x00000000080042ac                vPortValidateInterruptPriority
 .text.pvPortMalloc
                0x000000000800432c      0x1c0 ./ThirdParty/FreeRTOS/portable/MemMang/heap_4.o
                0x000000000800432c                pvPortMalloc
 .text.vPortFree
                0x00000000080044ec       0xc4 ./ThirdParty/FreeRTOS/portable/MemMang/heap_4.o
                0x00000000080044ec                vPortFree
 .text.prvHeapInit
                0x00000000080045b0       0xc4 ./ThirdParty/FreeRTOS/portable/MemMang/heap_4.o
 .text.prvInsertBlockIntoFreeList
                0x0000000008004674       0xb4 ./ThirdParty/FreeRTOS/portable/MemMang/heap_4.o
 .text.__libc_init_array
                0x0000000008004728       0x48 /home/linkachu/st/stm32cubeide_1.10.1/plugins/com.st.stm32cube.ide.mcu.externaltools.gnu-tools-for-stm32.10.3-2021.10.linux64_1.0.0.202111181127/tools/bin/../lib/gcc/arm-none-eabi/10.3.1/../../../../arm-none-eabi/lib/thumb/v7e-m+fp/hard/libc_nano.a(lib_a-init.o)
                0x0000000008004728                __libc_init_array
 .text.memcpy   0x0000000008004770       0x1c /home/linkachu/st/stm32cubeide_1.10.1/plugins/com.st.stm32cube.ide.mcu.externaltools.gnu-tools-for-stm32.10.3-2021.10.linux64_1.0.0.202111181127/tools/bin/../lib/gcc/arm-none-eabi/10.3.1/../../../../arm-none-eabi/lib/thumb/v7e-m+fp/hard/libc_nano.a(lib_a-memcpy-stub.o)
                0x0000000008004770                memcpy
 .text.memset   0x000000000800478c       0x10 /home/linkachu/st/stm32cubeide_1.10.1/plugins/com.st.stm32cube.ide.mcu.externaltools.gnu-tools-for-stm32.10.3-2021.10.linux64_1.0.0.202111181127/tools/bin/../lib/gcc/arm-none-eabi/10.3.1/../../../../arm-none-eabi/lib/thumb/v7e-m+fp/hard/libc_nano.a(lib_a-memset.o)
                0x000000000800478c                memset
 .text._puts_r  0x000000000800479c       0xdc /home/linkachu/st/stm32cubeide_1.10.1/plugins/com.st.stm32cube.ide.mcu.externaltools.gnu-tools-for-stm32.10.3-2021.10.linux64_1.0.0.202111181127/tools/bin/../lib/gcc/arm-none-eabi/10.3.1/../../../../arm-none-eabi/lib/thumb/v7e-m+fp/hard/libc_nano.a(lib_a-puts.o)
                0x000000000800479c                _puts_r
 .text.puts     0x0000000008004878       0x10 /home/linkachu/st/stm32cubeide_1.10.1/plugins/com.st.stm32cube.ide.mcu.externaltools.gnu-tools-for-stm32.10.3-2021.10.linux64_1.0.0.202111181127/tools/bin/../lib/gcc/arm-none-eabi/10.3.1/../../../../arm-none-eabi/lib/thumb/v7e-m+fp/hard/libc_nano.a(lib_a-puts.o)
                0x0000000008004878                puts
 .text.__swbuf_r
                0x0000000008004888       0xa4 /home/linkachu/st/stm32cubeide_1.10.1/plugins/com.st.stm32cube.ide.mcu.externaltools.gnu-tools-for-stm32.10.3-2021.10.linux64_1.0.0.202111181127/tools/bin/../lib/gcc/arm-none-eabi/10.3.1/../../../../arm-none-eabi/lib/thumb/v7e-m+fp/hard/libc_nano.a(lib_a-wbuf.o)
                0x0000000008004888                __swbuf_r
 .text.__swsetup_r
                0x000000000800492c       0xdc /home/linkachu/st/stm32cubeide_1.10.1/plugins/com.st.stm32cube.ide.mcu.externaltools.gnu-tools-for-stm32.10.3-2021.10.linux64_1.0.0.202111181127/tools/bin/../lib/gcc/arm-none-eabi/10.3.1/../../../../arm-none-eabi/lib/thumb/v7e-m+fp/hard/libc_nano.a(lib_a-wsetup.o)
                0x000000000800492c                __swsetup_r
 .text.__sflush_r
                0x0000000008004a08      0x10c /home/linkachu/st/stm32cubeide_1.10.1/plugins/com.st.stm32cube.ide.mcu.externaltools.gnu-tools-for-stm32.10.3-2021.10.linux64_1.0.0.202111181127/tools/bin/../lib/gcc/arm-none-eabi/10.3.1/../../../../arm-none-eabi/lib/thumb/v7e-m+fp/hard/libc_nano.a(lib_a-fflush.o)
                0x0000000008004a08                __sflush_r
 .text._fflush_r
                0x0000000008004b14       0x78 /home/linkachu/st/stm32cubeide_1.10.1/plugins/com.st.stm32cube.ide.mcu.externaltools.gnu-tools-for-stm32.10.3-2021.10.linux64_1.0.0.202111181127/tools/bin/../lib/gcc/arm-none-eabi/10.3.1/../../../../arm-none-eabi/lib/thumb/v7e-m+fp/hard/libc_nano.a(lib_a-fflush.o)
                0x0000000008004b14                _fflush_r
 .text.std      0x0000000008004b8c       0x48 /home/linkachu/st/stm32cubeide_1.10.1/plugins/com.st.stm32cube.ide.mcu.externaltools.gnu-tools-for-stm32.10.3-2021.10.linux64_1.0.0.202111181127/tools/bin/../lib/gcc/arm-none-eabi/10.3.1/../../../../arm-none-eabi/lib/thumb/v7e-m+fp/hard/libc_nano.a(lib_a-findfp.o)
 .text._cleanup_r
                0x0000000008004bd4        0xc /home/linkachu/st/stm32cubeide_1.10.1/plugins/com.st.stm32cube.ide.mcu.externaltools.gnu-tools-for-stm32.10.3-2021.10.linux64_1.0.0.202111181127/tools/bin/../lib/gcc/arm-none-eabi/10.3.1/../../../../arm-none-eabi/lib/thumb/v7e-m+fp/hard/libc_nano.a(lib_a-findfp.o)
                0x0000000008004bd4                _cleanup_r
 .text.__sfmoreglue
                0x0000000008004be0       0x2c /home/linkachu/st/stm32cubeide_1.10.1/plugins/com.st.stm32cube.ide.mcu.externaltools.gnu-tools-for-stm32.10.3-2021.10.linux64_1.0.0.202111181127/tools/bin/../lib/gcc/arm-none-eabi/10.3.1/../../../../arm-none-eabi/lib/thumb/v7e-m+fp/hard/libc_nano.a(lib_a-findfp.o)
                0x0000000008004be0                __sfmoreglue
 .text.__sfp_lock_acquire
                0x0000000008004c0c        0xc /home/linkachu/st/stm32cubeide_1.10.1/plugins/com.st.stm32cube.ide.mcu.externaltools.gnu-tools-for-stm32.10.3-2021.10.linux64_1.0.0.202111181127/tools/bin/../lib/gcc/arm-none-eabi/10.3.1/../../../../arm-none-eabi/lib/thumb/v7e-m+fp/hard/libc_nano.a(lib_a-findfp.o)
                0x0000000008004c0c                __sfp_lock_acquire
 .text.__sfp_lock_release
                0x0000000008004c18        0xc /home/linkachu/st/stm32cubeide_1.10.1/plugins/com.st.stm32cube.ide.mcu.externaltools.gnu-tools-for-stm32.10.3-2021.10.linux64_1.0.0.202111181127/tools/bin/../lib/gcc/arm-none-eabi/10.3.1/../../../../arm-none-eabi/lib/thumb/v7e-m+fp/hard/libc_nano.a(lib_a-findfp.o)
                0x0000000008004c18                __sfp_lock_release
 .text.__sinit_lock_acquire
                0x0000000008004c24        0xc /home/linkachu/st/stm32cubeide_1.10.1/plugins/com.st.stm32cube.ide.mcu.externaltools.gnu-tools-for-stm32.10.3-2021.10.linux64_1.0.0.202111181127/tools/bin/../lib/gcc/arm-none-eabi/10.3.1/../../../../arm-none-eabi/lib/thumb/v7e-m+fp/hard/libc_nano.a(lib_a-findfp.o)
                0x0000000008004c24                __sinit_lock_acquire
 .text.__sinit_lock_release
                0x0000000008004c30        0xc /home/linkachu/st/stm32cubeide_1.10.1/plugins/com.st.stm32cube.ide.mcu.externaltools.gnu-tools-for-stm32.10.3-2021.10.linux64_1.0.0.202111181127/tools/bin/../lib/gcc/arm-none-eabi/10.3.1/../../../../arm-none-eabi/lib/thumb/v7e-m+fp/hard/libc_nano.a(lib_a-findfp.o)
                0x0000000008004c30                __sinit_lock_release
 .text.__sinit  0x0000000008004c3c       0x70 /home/linkachu/st/stm32cubeide_1.10.1/plugins/com.st.stm32cube.ide.mcu.externaltools.gnu-tools-for-stm32.10.3-2021.10.linux64_1.0.0.202111181127/tools/bin/../lib/gcc/arm-none-eabi/10.3.1/../../../../arm-none-eabi/lib/thumb/v7e-m+fp/hard/libc_nano.a(lib_a-findfp.o)
                0x0000000008004c3c                __sinit
 .text.__sfp    0x0000000008004cac       0x8c /home/linkachu/st/stm32cubeide_1.10.1/plugins/com.st.stm32cube.ide.mcu.externaltools.gnu-tools-for-stm32.10.3-2021.10.linux64_1.0.0.202111181127/tools/bin/../lib/gcc/arm-none-eabi/10.3.1/../../../../arm-none-eabi/lib/thumb/v7e-m+fp/hard/libc_nano.a(lib_a-findfp.o)
                0x0000000008004cac                __sfp
 .text._fwalk_reent
                0x0000000008004d38       0x3e /home/linkachu/st/stm32cubeide_1.10.1/plugins/com.st.stm32cube.ide.mcu.externaltools.gnu-tools-for-stm32.10.3-2021.10.linux64_1.0.0.202111181127/tools/bin/../lib/gcc/arm-none-eabi/10.3.1/../../../../arm-none-eabi/lib/thumb/v7e-m+fp/hard/libc_nano.a(lib_a-fwalk.o)
                0x0000000008004d38                _fwalk_reent
 .text.__retarget_lock_init_recursive
                0x0000000008004d76        0x2 /home/linkachu/st/stm32cubeide_1.10.1/plugins/com.st.stm32cube.ide.mcu.externaltools.gnu-tools-for-stm32.10.3-2021.10.linux64_1.0.0.202111181127/tools/bin/../lib/gcc/arm-none-eabi/10.3.1/../../../../arm-none-eabi/lib/thumb/v7e-m+fp/hard/libc_nano.a(lib_a-lock.o)
                0x0000000008004d76                __retarget_lock_init_recursive
 .text.__retarget_lock_acquire_recursive
                0x0000000008004d78        0x2 /home/linkachu/st/stm32cubeide_1.10.1/plugins/com.st.stm32cube.ide.mcu.externaltools.gnu-tools-for-stm32.10.3-2021.10.linux64_1.0.0.202111181127/tools/bin/../lib/gcc/arm-none-eabi/10.3.1/../../../../arm-none-eabi/lib/thumb/v7e-m+fp/hard/libc_nano.a(lib_a-lock.o)
                0x0000000008004d78                __retarget_lock_acquire_recursive
 .text.__retarget_lock_release_recursive
                0x0000000008004d7a        0x2 /home/linkachu/st/stm32cubeide_1.10.1/plugins/com.st.stm32cube.ide.mcu.externaltools.gnu-tools-for-stm32.10.3-2021.10.linux64_1.0.0.202111181127/tools/bin/../lib/gcc/arm-none-eabi/10.3.1/../../../../arm-none-eabi/lib/thumb/v7e-m+fp/hard/libc_nano.a(lib_a-lock.o)
                0x0000000008004d7a                __retarget_lock_release_recursive
 .text.__swhatbuf_r
                0x0000000008004d7c       0x4a /home/linkachu/st/stm32cubeide_1.10.1/plugins/com.st.stm32cube.ide.mcu.externaltools.gnu-tools-for-stm32.10.3-2021.10.linux64_1.0.0.202111181127/tools/bin/../lib/gcc/arm-none-eabi/10.3.1/../../../../arm-none-eabi/lib/thumb/v7e-m+fp/hard/libc_nano.a(lib_a-makebuf.o)
                0x0000000008004d7c                __swhatbuf_r
 *fill*         0x0000000008004dc6        0x2 
 .text.__smakebuf_r
                0x0000000008004dc8       0x80 /home/linkachu/st/stm32cubeide_1.10.1/plugins/com.st.stm32cube.ide.mcu.externaltools.gnu-tools-for-stm32.10.3-2021.10.linux64_1.0.0.202111181127/tools/bin/../lib/gcc/arm-none-eabi/10.3.1/../../../../arm-none-eabi/lib/thumb/v7e-m+fp/hard/libc_nano.a(lib_a-makebuf.o)
                0x0000000008004dc8                __smakebuf_r
 .text._free_r  0x0000000008004e48       0x98 /home/linkachu/st/stm32cubeide_1.10.1/plugins/com.st.stm32cube.ide.mcu.externaltools.gnu-tools-for-stm32.10.3-2021.10.linux64_1.0.0.202111181127/tools/bin/../lib/gcc/arm-none-eabi/10.3.1/../../../../arm-none-eabi/lib/thumb/v7e-m+fp/hard/libc_nano.a(lib_a-nano-freer.o)
                0x0000000008004e48                _free_r
 .text.sbrk_aligned
                0x0000000008004ee0       0x40 /home/linkachu/st/stm32cubeide_1.10.1/plugins/com.st.stm32cube.ide.mcu.externaltools.gnu-tools-for-stm32.10.3-2021.10.linux64_1.0.0.202111181127/tools/bin/../lib/gcc/arm-none-eabi/10.3.1/../../../../arm-none-eabi/lib/thumb/v7e-m+fp/hard/libc_nano.a(lib_a-nano-mallocr.o)
 .text._malloc_r
                0x0000000008004f20       0xe8 /home/linkachu/st/stm32cubeide_1.10.1/plugins/com.st.stm32cube.ide.mcu.externaltools.gnu-tools-for-stm32.10.3-2021.10.linux64_1.0.0.202111181127/tools/bin/../lib/gcc/arm-none-eabi/10.3.1/../../../../arm-none-eabi/lib/thumb/v7e-m+fp/hard/libc_nano.a(lib_a-nano-mallocr.o)
                0x0000000008004f20                _malloc_r
 .text._sbrk_r  0x0000000008005008       0x20 /home/linkachu/st/stm32cubeide_1.10.1/plugins/com.st.stm32cube.ide.mcu.externaltools.gnu-tools-for-stm32.10.3-2021.10.linux64_1.0.0.202111181127/tools/bin/../lib/gcc/arm-none-eabi/10.3.1/../../../../arm-none-eabi/lib/thumb/v7e-m+fp/hard/libc_nano.a(lib_a-sbrkr.o)
                0x0000000008005008                _sbrk_r
 .text.__sread  0x0000000008005028       0x22 /home/linkachu/st/stm32cubeide_1.10.1/plugins/com.st.stm32cube.ide.mcu.externaltools.gnu-tools-for-stm32.10.3-2021.10.linux64_1.0.0.202111181127/tools/bin/../lib/gcc/arm-none-eabi/10.3.1/../../../../arm-none-eabi/lib/thumb/v7e-m+fp/hard/libc_nano.a(lib_a-stdio.o)
                0x0000000008005028                __sread
 .text.__swrite
                0x000000000800504a       0x38 /home/linkachu/st/stm32cubeide_1.10.1/plugins/com.st.stm32cube.ide.mcu.externaltools.gnu-tools-for-stm32.10.3-2021.10.linux64_1.0.0.202111181127/tools/bin/../lib/gcc/arm-none-eabi/10.3.1/../../../../arm-none-eabi/lib/thumb/v7e-m+fp/hard/libc_nano.a(lib_a-stdio.o)
                0x000000000800504a                __swrite
 .text.__sseek  0x0000000008005082       0x24 /home/linkachu/st/stm32cubeide_1.10.1/plugins/com.st.stm32cube.ide.mcu.externaltools.gnu-tools-for-stm32.10.3-2021.10.linux64_1.0.0.202111181127/tools/bin/../lib/gcc/arm-none-eabi/10.3.1/../../../../arm-none-eabi/lib/thumb/v7e-m+fp/hard/libc_nano.a(lib_a-stdio.o)
                0x0000000008005082                __sseek
 .text.__sclose
                0x00000000080050a6        0x8 /home/linkachu/st/stm32cubeide_1.10.1/plugins/com.st.stm32cube.ide.mcu.externaltools.gnu-tools-for-stm32.10.3-2021.10.linux64_1.0.0.202111181127/tools/bin/../lib/gcc/arm-none-eabi/10.3.1/../../../../arm-none-eabi/lib/thumb/v7e-m+fp/hard/libc_nano.a(lib_a-stdio.o)
                0x00000000080050a6                __sclose
 *fill*         0x00000000080050ae        0x2 
 .text._write_r
                0x00000000080050b0       0x24 /home/linkachu/st/stm32cubeide_1.10.1/plugins/com.st.stm32cube.ide.mcu.externaltools.gnu-tools-for-stm32.10.3-2021.10.linux64_1.0.0.202111181127/tools/bin/../lib/gcc/arm-none-eabi/10.3.1/../../../../arm-none-eabi/lib/thumb/v7e-m+fp/hard/libc_nano.a(lib_a-writer.o)
                0x00000000080050b0                _write_r
 .text._close_r
                0x00000000080050d4       0x20 /home/linkachu/st/stm32cubeide_1.10.1/plugins/com.st.stm32cube.ide.mcu.externaltools.gnu-tools-for-stm32.10.3-2021.10.linux64_1.0.0.202111181127/tools/bin/../lib/gcc/arm-none-eabi/10.3.1/../../../../arm-none-eabi/lib/thumb/v7e-m+fp/hard/libc_nano.a(lib_a-closer.o)
                0x00000000080050d4                _close_r
 .text._fstat_r
                0x00000000080050f4       0x24 /home/linkachu/st/stm32cubeide_1.10.1/plugins/com.st.stm32cube.ide.mcu.externaltools.gnu-tools-for-stm32.10.3-2021.10.linux64_1.0.0.202111181127/tools/bin/../lib/gcc/arm-none-eabi/10.3.1/../../../../arm-none-eabi/lib/thumb/v7e-m+fp/hard/libc_nano.a(lib_a-fstatr.o)
                0x00000000080050f4                _fstat_r
 .text._isatty_r
                0x0000000008005118       0x20 /home/linkachu/st/stm32cubeide_1.10.1/plugins/com.st.stm32cube.ide.mcu.externaltools.gnu-tools-for-stm32.10.3-2021.10.linux64_1.0.0.202111181127/tools/bin/../lib/gcc/arm-none-eabi/10.3.1/../../../../arm-none-eabi/lib/thumb/v7e-m+fp/hard/libc_nano.a(lib_a-isattyr.o)
                0x0000000008005118                _isatty_r
 .text._lseek_r
                0x0000000008005138       0x24 /home/linkachu/st/stm32cubeide_1.10.1/plugins/com.st.stm32cube.ide.mcu.externaltools.gnu-tools-for-stm32.10.3-2021.10.linux64_1.0.0.202111181127/tools/bin/../lib/gcc/arm-none-eabi/10.3.1/../../../../arm-none-eabi/lib/thumb/v7e-m+fp/hard/libc_nano.a(lib_a-lseekr.o)
                0x0000000008005138                _lseek_r
 .text.__malloc_lock
                0x000000000800515c        0xc /home/linkachu/st/stm32cubeide_1.10.1/plugins/com.st.stm32cube.ide.mcu.externaltools.gnu-tools-for-stm32.10.3-2021.10.linux64_1.0.0.202111181127/tools/bin/../lib/gcc/arm-none-eabi/10.3.1/../../../../arm-none-eabi/lib/thumb/v7e-m+fp/hard/libc_nano.a(lib_a-mlock.o)
                0x000000000800515c                __malloc_lock
 .text.__malloc_unlock
                0x0000000008005168        0xc /home/linkachu/st/stm32cubeide_1.10.1/plugins/com.st.stm32cube.ide.mcu.externaltools.gnu-tools-for-stm32.10.3-2021.10.linux64_1.0.0.202111181127/tools/bin/../lib/gcc/arm-none-eabi/10.3.1/../../../../arm-none-eabi/lib/thumb/v7e-m+fp/hard/libc_nano.a(lib_a-mlock.o)
                0x0000000008005168                __malloc_unlock
 .text._read_r  0x0000000008005174       0x24 /home/linkachu/st/stm32cubeide_1.10.1/plugins/com.st.stm32cube.ide.mcu.externaltools.gnu-tools-for-stm32.10.3-2021.10.linux64_1.0.0.202111181127/tools/bin/../lib/gcc/arm-none-eabi/10.3.1/../../../../arm-none-eabi/lib/thumb/v7e-m+fp/hard/libc_nano.a(lib_a-readr.o)
                0x0000000008005174                _read_r
 .text._sbrk    0x0000000008005198       0x1c /home/linkachu/st/stm32cubeide_1.10.1/plugins/com.st.stm32cube.ide.mcu.externaltools.gnu-tools-for-stm32.10.3-2021.10.linux64_1.0.0.202111181127/tools/bin/../lib/gcc/arm-none-eabi/10.3.1/../../../../arm-none-eabi/lib/thumb/v7e-m+fp/hard/libnosys.a(sbrk.o)
                0x0000000008005198                _sbrk
 *(.glue_7)
 .glue_7        0x00000000080051b4        0x0 linker stubs
 *(.glue_7t)
 .glue_7t       0x00000000080051b4        0x0 linker stubs
 *(.eh_frame)
 .eh_frame      0x00000000080051b4        0x0 /home/linkachu/st/stm32cubeide_1.10.1/plugins/com.st.stm32cube.ide.mcu.externaltools.gnu-tools-for-stm32.10.3-2021.10.linux64_1.0.0.202111181127/tools/bin/../lib/gcc/arm-none-eabi/10.3.1/thumb/v7e-m+fp/hard/crtbegin.o
 *(.init)
 .init          0x00000000080051b4        0x4 /home/linkachu/st/stm32cubeide_1.10.1/plugins/com.st.stm32cube.ide.mcu.externaltools.gnu-tools-for-stm32.10.3-2021.10.linux64_1.0.0.202111181127/tools/bin/../lib/gcc/arm-none-eabi/10.3.1/thumb/v7e-m+fp/hard/crti.o
                0x00000000080051b4                _init
 .init          0x00000000080051b8        0x8 /home/linkachu/st/stm32cubeide_1.10.1/plugins/com.st.stm32cube.ide.mcu.externaltools.gnu-tools-for-stm32.10.3-2021.10.linux64_1.0.0.202111181127/tools/bin/../lib/gcc/arm-none-eabi/10.3.1/thumb/v7e-m+fp/hard/crtn.o
 *(.fini)
 .fini          0x00000000080051c0        0x4 /home/linkachu/st/stm32cubeide_1.10.1/plugins/com.st.stm32cube.ide.mcu.externaltools.gnu-tools-for-stm32.10.3-2021.10.linux64_1.0.0.202111181127/tools/bin/../lib/gcc/arm-none-eabi/10.3.1/thumb/v7e-m+fp/hard/crti.o
                0x00000000080051c0                _fini
 .fini          0x00000000080051c4        0x8 /home/linkachu/st/stm32cubeide_1.10.1/plugins/com.st.stm32cube.ide.mcu.externaltools.gnu-tools-for-stm32.10.3-2021.10.linux64_1.0.0.202111181127/tools/bin/../lib/gcc/arm-none-eabi/10.3.1/thumb/v7e-m+fp/hard/crtn.o
                0x00000000080051cc                . = ALIGN (0x4)
                0x00000000080051cc                _etext = .

.vfp11_veneer   0x00000000080051cc        0x0
 .vfp11_veneer  0x00000000080051cc        0x0 linker stubs

.v4_bx          0x00000000080051cc        0x0
 .v4_bx         0x00000000080051cc        0x0 linker stubs

.iplt           0x00000000080051cc        0x0
 .iplt          0x00000000080051cc        0x0 /home/linkachu/st/stm32cubeide_1.10.1/plugins/com.st.stm32cube.ide.mcu.externaltools.gnu-tools-for-stm32.10.3-2021.10.linux64_1.0.0.202111181127/tools/bin/../lib/gcc/arm-none-eabi/10.3.1/thumb/v7e-m+fp/hard/crtbegin.o

.rodata         0x00000000080051cc       0xd4
                0x00000000080051cc                . = ALIGN (0x4)
 *(.rodata)
 .rodata        0x00000000080051cc       0x3f ./Core/Src/main.o
 *fill*         0x000000000800520b        0x1 
 .rodata        0x000000000800520c        0x5 ./ThirdParty/FreeRTOS/tasks.o
 *fill*         0x0000000008005211        0x3 
 .rodata        0x0000000008005214        0xd ./ThirdParty/FreeRTOS/timers.o
 *(.rodata*)
 *fill*         0x0000000008005221        0x3 
 .rodata.AHBPrescTable
                0x0000000008005224       0x10 ./Core/Src/system_stm32f4xx.o
                0x0000000008005224                AHBPrescTable
 .rodata.APBPrescTable
                0x0000000008005234        0x8 ./Core/Src/system_stm32f4xx.o
                0x0000000008005234                APBPrescTable
 .rodata._global_impure_ptr
                0x000000000800523c        0x4 /home/linkachu/st/stm32cubeide_1.10.1/plugins/com.st.stm32cube.ide.mcu.externaltools.gnu-tools-for-stm32.10.3-2021.10.linux64_1.0.0.202111181127/tools/bin/../lib/gcc/arm-none-eabi/10.3.1/../../../../arm-none-eabi/lib/thumb/v7e-m+fp/hard/libc_nano.a(lib_a-impure.o)
                0x000000000800523c                _global_impure_ptr
 .rodata.__sf_fake_stderr
                0x0000000008005240       0x20 /home/linkachu/st/stm32cubeide_1.10.1/plugins/com.st.stm32cube.ide.mcu.externaltools.gnu-tools-for-stm32.10.3-2021.10.linux64_1.0.0.202111181127/tools/bin/../lib/gcc/arm-none-eabi/10.3.1/../../../../arm-none-eabi/lib/thumb/v7e-m+fp/hard/libc_nano.a(lib_a-findfp.o)
                0x0000000008005240                __sf_fake_stderr
 .rodata.__sf_fake_stdin
                0x0000000008005260       0x20 /home/linkachu/st/stm32cubeide_1.10.1/plugins/com.st.stm32cube.ide.mcu.externaltools.gnu-tools-for-stm32.10.3-2021.10.linux64_1.0.0.202111181127/tools/bin/../lib/gcc/arm-none-eabi/10.3.1/../../../../arm-none-eabi/lib/thumb/v7e-m+fp/hard/libc_nano.a(lib_a-findfp.o)
                0x0000000008005260                __sf_fake_stdin
 .rodata.__sf_fake_stdout
                0x0000000008005280       0x20 /home/linkachu/st/stm32cubeide_1.10.1/plugins/com.st.stm32cube.ide.mcu.externaltools.gnu-tools-for-stm32.10.3-2021.10.linux64_1.0.0.202111181127/tools/bin/../lib/gcc/arm-none-eabi/10.3.1/../../../../arm-none-eabi/lib/thumb/v7e-m+fp/hard/libc_nano.a(lib_a-findfp.o)
                0x0000000008005280                __sf_fake_stdout
                0x00000000080052a0                . = ALIGN (0x4)

.ARM.extab      0x00000000080052a0        0x0
                0x00000000080052a0                . = ALIGN (0x4)
 *(.ARM.extab* .gnu.linkonce.armextab.*)
                0x00000000080052a0                . = ALIGN (0x4)

.ARM            0x00000000080052a0        0x8
                0x00000000080052a0                . = ALIGN (0x4)
                0x00000000080052a0                __exidx_start = .
 *(.ARM.exidx*)
 .ARM.exidx     0x00000000080052a0        0x8 /home/linkachu/st/stm32cubeide_1.10.1/plugins/com.st.stm32cube.ide.mcu.externaltools.gnu-tools-for-stm32.10.3-2021.10.linux64_1.0.0.202111181127/tools/bin/../lib/gcc/arm-none-eabi/10.3.1/thumb/v7e-m+fp/hard/libgcc.a(_udivmoddi4.o)
                0x00000000080052a8                __exidx_end = .
                0x00000000080052a8                . = ALIGN (0x4)

.rel.dyn        0x00000000080052a8        0x0
 .rel.iplt      0x00000000080052a8        0x0 /home/linkachu/st/stm32cubeide_1.10.1/plugins/com.st.stm32cube.ide.mcu.externaltools.gnu-tools-for-stm32.10.3-2021.10.linux64_1.0.0.202111181127/tools/bin/../lib/gcc/arm-none-eabi/10.3.1/thumb/v7e-m+fp/hard/crtbegin.o

.preinit_array  0x00000000080052a8        0x0
                0x00000000080052a8                . = ALIGN (0x4)
                0x00000000080052a8                PROVIDE (__preinit_array_start = .)
 *(.preinit_array*)
                0x00000000080052a8                PROVIDE (__preinit_array_end = .)
                0x00000000080052a8                . = ALIGN (0x4)

.init_array     0x00000000080052a8        0x4
                0x00000000080052a8                . = ALIGN (0x4)
                0x00000000080052a8                PROVIDE (__init_array_start = .)
 *(SORT_BY_NAME(.init_array.*))
 *(.init_array*)
 .init_array    0x00000000080052a8        0x4 /home/linkachu/st/stm32cubeide_1.10.1/plugins/com.st.stm32cube.ide.mcu.externaltools.gnu-tools-for-stm32.10.3-2021.10.linux64_1.0.0.202111181127/tools/bin/../lib/gcc/arm-none-eabi/10.3.1/thumb/v7e-m+fp/hard/crtbegin.o
                0x00000000080052ac                PROVIDE (__init_array_end = .)
                0x00000000080052ac                . = ALIGN (0x4)

.fini_array     0x00000000080052ac        0x4
                0x00000000080052ac                . = ALIGN (0x4)
                [!provide]                        PROVIDE (__fini_array_start = .)
 *(SORT_BY_NAME(.fini_array.*))
 *(.fini_array*)
 .fini_array    0x00000000080052ac        0x4 /home/linkachu/st/stm32cubeide_1.10.1/plugins/com.st.stm32cube.ide.mcu.externaltools.gnu-tools-for-stm32.10.3-2021.10.linux64_1.0.0.202111181127/tools/bin/../lib/gcc/arm-none-eabi/10.3.1/thumb/v7e-m+fp/hard/crtbegin.o
                [!provide]                        PROVIDE (__fini_array_end = .)
                0x00000000080052b0                . = ALIGN (0x4)
                0x00000000080052b0                _sidata = LOADADDR (.data)

.data           0x0000000020000000       0x78 load address 0x00000000080052b0
                0x0000000020000000                . = ALIGN (0x4)
                0x0000000020000000                _sdata = .
 *(.data)
 *(.data*)
 .data.SystemCoreClock
                0x0000000020000000        0x4 ./Core/Src/system_stm32f4xx.o
                0x0000000020000000                SystemCoreClock
 .data.uwTickPrio
                0x0000000020000004        0x4 ./Drivers/STM32F4xx_HAL_Driver/Src/stm32f4xx_hal.o
                0x0000000020000004                uwTickPrio
 .data.uwTickFreq
                0x0000000020000008        0x1 ./Drivers/STM32F4xx_HAL_Driver/Src/stm32f4xx_hal.o
                0x0000000020000008                uwTickFreq
 *fill*         0x0000000020000009        0x3 
 .data.uxTopUsedPriority
                0x000000002000000c        0x4 ./ThirdParty/FreeRTOS/tasks.o
                0x000000002000000c                uxTopUsedPriority
 .data.uxCriticalNesting
                0x0000000020000010        0x4 ./ThirdParty/FreeRTOS/portable/GCC/ARM_CM4F/port.o
 .data._impure_ptr
                0x0000000020000014        0x4 /home/linkachu/st/stm32cubeide_1.10.1/plugins/com.st.stm32cube.ide.mcu.externaltools.gnu-tools-for-stm32.10.3-2021.10.linux64_1.0.0.202111181127/tools/bin/../lib/gcc/arm-none-eabi/10.3.1/../../../../arm-none-eabi/lib/thumb/v7e-m+fp/hard/libc_nano.a(lib_a-impure.o)
                0x0000000020000014                _impure_ptr
 .data.impure_data
                0x0000000020000018       0x60 /home/linkachu/st/stm32cubeide_1.10.1/plugins/com.st.stm32cube.ide.mcu.externaltools.gnu-tools-for-stm32.10.3-2021.10.linux64_1.0.0.202111181127/tools/bin/../lib/gcc/arm-none-eabi/10.3.1/../../../../arm-none-eabi/lib/thumb/v7e-m+fp/hard/libc_nano.a(lib_a-impure.o)
 *(.RamFunc)
 *(.RamFunc*)
                0x0000000020000078                . = ALIGN (0x4)
                0x0000000020000078                _edata = .
                0x0000000008005328                _siccmram = LOADADDR (.ccmram)

.igot.plt       0x0000000020000078        0x0 load address 0x0000000008005328
 .igot.plt      0x0000000020000078        0x0 /home/linkachu/st/stm32cubeide_1.10.1/plugins/com.st.stm32cube.ide.mcu.externaltools.gnu-tools-for-stm32.10.3-2021.10.linux64_1.0.0.202111181127/tools/bin/../lib/gcc/arm-none-eabi/10.3.1/thumb/v7e-m+fp/hard/crtbegin.o

.ccmram         0x0000000010000000        0x0 load address 0x0000000008005328
                0x0000000010000000                . = ALIGN (0x4)
                0x0000000010000000                _sccmram = .
 *(.ccmram)
 *(.ccmram*)
                0x0000000010000000                . = ALIGN (0x4)
                0x0000000010000000                _eccmram = .
                0x0000000010000000                . = ALIGN (0x4)

.bss            0x0000000020000078    0x12e24
                0x0000000020000078                _sbss = .
                0x0000000020000078                __bss_start__ = _sbss
 *(.bss)
 .bss           0x0000000020000078       0x1c /home/linkachu/st/stm32cubeide_1.10.1/plugins/com.st.stm32cube.ide.mcu.externaltools.gnu-tools-for-stm32.10.3-2021.10.linux64_1.0.0.202111181127/tools/bin/../lib/gcc/arm-none-eabi/10.3.1/thumb/v7e-m+fp/hard/crtbegin.o
 *(.bss*)
 .bss.htim6     0x0000000020000094       0x48 ./Core/Src/stm32f4xx_hal_timebase_tim.o
                0x0000000020000094                htim6
 .bss.uwTick    0x00000000200000dc        0x4 ./Drivers/STM32F4xx_HAL_Driver/Src/stm32f4xx_hal.o
                0x00000000200000dc                uwTick
 .bss.xQueueRegistry
                0x00000000200000e0       0x40 ./ThirdParty/FreeRTOS/queue.o
                0x00000000200000e0                xQueueRegistry
 .bss.pxCurrentTCB
                0x0000000020000120        0x4 ./ThirdParty/FreeRTOS/tasks.o
                0x0000000020000120                pxCurrentTCB
 .bss.pxReadyTasksLists
                0x0000000020000124       0x64 ./ThirdParty/FreeRTOS/tasks.o
 .bss.xDelayedTaskList1
                0x0000000020000188       0x14 ./ThirdParty/FreeRTOS/tasks.o
 .bss.xDelayedTaskList2
                0x000000002000019c       0x14 ./ThirdParty/FreeRTOS/tasks.o
 .bss.pxDelayedTaskList
                0x00000000200001b0        0x4 ./ThirdParty/FreeRTOS/tasks.o
 .bss.pxOverflowDelayedTaskList
                0x00000000200001b4        0x4 ./ThirdParty/FreeRTOS/tasks.o
 .bss.xPendingReadyList
                0x00000000200001b8       0x14 ./ThirdParty/FreeRTOS/tasks.o
 .bss.xTasksWaitingTermination
                0x00000000200001cc       0x14 ./ThirdParty/FreeRTOS/tasks.o
 .bss.uxDeletedTasksWaitingCleanUp
                0x00000000200001e0        0x4 ./ThirdParty/FreeRTOS/tasks.o
 .bss.xSuspendedTaskList
                0x00000000200001e4       0x14 ./ThirdParty/FreeRTOS/tasks.o
 .bss.uxCurrentNumberOfTasks
                0x00000000200001f8        0x4 ./ThirdParty/FreeRTOS/tasks.o
 .bss.xTickCount
                0x00000000200001fc        0x4 ./ThirdParty/FreeRTOS/tasks.o
 .bss.uxTopReadyPriority
                0x0000000020000200        0x4 ./ThirdParty/FreeRTOS/tasks.o
 .bss.xSchedulerRunning
                0x0000000020000204        0x4 ./ThirdParty/FreeRTOS/tasks.o
 .bss.xPendedTicks
                0x0000000020000208        0x4 ./ThirdParty/FreeRTOS/tasks.o
 .bss.xYieldPending
                0x000000002000020c        0x4 ./ThirdParty/FreeRTOS/tasks.o
 .bss.xNumOfOverflows
                0x0000000020000210        0x4 ./ThirdParty/FreeRTOS/tasks.o
 .bss.uxTaskNumber
                0x0000000020000214        0x4 ./ThirdParty/FreeRTOS/tasks.o
 .bss.xNextTaskUnblockTime
                0x0000000020000218        0x4 ./ThirdParty/FreeRTOS/tasks.o
 .bss.xIdleTaskHandle
                0x000000002000021c        0x4 ./ThirdParty/FreeRTOS/tasks.o
 .bss.uxSchedulerSuspended
                0x0000000020000220        0x4 ./ThirdParty/FreeRTOS/tasks.o
 .bss.xActiveTimerList1
                0x0000000020000224       0x14 ./ThirdParty/FreeRTOS/timers.o
 .bss.xActiveTimerList2
                0x0000000020000238       0x14 ./ThirdParty/FreeRTOS/timers.o
 .bss.pxCurrentTimerList
                0x000000002000024c        0x4 ./ThirdParty/FreeRTOS/timers.o
 .bss.pxOverflowTimerList
                0x0000000020000250        0x4 ./ThirdParty/FreeRTOS/timers.o
 .bss.xTimerQueue
                0x0000000020000254        0x4 ./ThirdParty/FreeRTOS/timers.o
 .bss.xTimerTaskHandle
                0x0000000020000258        0x4 ./ThirdParty/FreeRTOS/timers.o
 .bss.xLastTime.0
                0x000000002000025c        0x4 ./ThirdParty/FreeRTOS/timers.o
 .bss.ucMaxSysCallPriority
                0x0000000020000260        0x1 ./ThirdParty/FreeRTOS/portable/GCC/ARM_CM4F/port.o
 *fill*         0x0000000020000261        0x3 
 .bss.ulMaxPRIGROUPValue
                0x0000000020000264        0x4 ./ThirdParty/FreeRTOS/portable/GCC/ARM_CM4F/port.o
 .bss.ucHeap    0x0000000020000268    0x12c00 ./ThirdParty/FreeRTOS/portable/MemMang/heap_4.o
 .bss.xStart    0x0000000020012e68        0x8 ./ThirdParty/FreeRTOS/portable/MemMang/heap_4.o
 .bss.pxEnd     0x0000000020012e70        0x4 ./ThirdParty/FreeRTOS/portable/MemMang/heap_4.o
 .bss.xFreeBytesRemaining
                0x0000000020012e74        0x4 ./ThirdParty/FreeRTOS/portable/MemMang/heap_4.o
 .bss.xMinimumEverFreeBytesRemaining
                0x0000000020012e78        0x4 ./ThirdParty/FreeRTOS/portable/MemMang/heap_4.o
 .bss.xNumberOfSuccessfulAllocations
                0x0000000020012e7c        0x4 ./ThirdParty/FreeRTOS/portable/MemMang/heap_4.o
 .bss.xNumberOfSuccessfulFrees
                0x0000000020012e80        0x4 ./ThirdParty/FreeRTOS/portable/MemMang/heap_4.o
 .bss.xBlockAllocatedBit
                0x0000000020012e84        0x4 ./ThirdParty/FreeRTOS/portable/MemMang/heap_4.o
 .bss.__lock___malloc_recursive_mutex
                0x0000000020012e88        0x1 /home/linkachu/st/stm32cubeide_1.10.1/plugins/com.st.stm32cube.ide.mcu.externaltools.gnu-tools-for-stm32.10.3-2021.10.linux64_1.0.0.202111181127/tools/bin/../lib/gcc/arm-none-eabi/10.3.1/../../../../arm-none-eabi/lib/thumb/v7e-m+fp/hard/libc_nano.a(lib_a-lock.o)
                0x0000000020012e88                __lock___malloc_recursive_mutex
 .bss.__lock___sfp_recursive_mutex
                0x0000000020012e89        0x1 /home/linkachu/st/stm32cubeide_1.10.1/plugins/com.st.stm32cube.ide.mcu.externaltools.gnu-tools-for-stm32.10.3-2021.10.linux64_1.0.0.202111181127/tools/bin/../lib/gcc/arm-none-eabi/10.3.1/../../../../arm-none-eabi/lib/thumb/v7e-m+fp/hard/libc_nano.a(lib_a-lock.o)
                0x0000000020012e89                __lock___sfp_recursive_mutex
 .bss.__lock___sinit_recursive_mutex
                0x0000000020012e8a        0x1 /home/linkachu/st/stm32cubeide_1.10.1/plugins/com.st.stm32cube.ide.mcu.externaltools.gnu-tools-for-stm32.10.3-2021.10.linux64_1.0.0.202111181127/tools/bin/../lib/gcc/arm-none-eabi/10.3.1/../../../../arm-none-eabi/lib/thumb/v7e-m+fp/hard/libc_nano.a(lib_a-lock.o)
                0x0000000020012e8a                __lock___sinit_recursive_mutex
 *fill*         0x0000000020012e8b        0x1 
 .bss.__malloc_free_list
                0x0000000020012e8c        0x4 /home/linkachu/st/stm32cubeide_1.10.1/plugins/com.st.stm32cube.ide.mcu.externaltools.gnu-tools-for-stm32.10.3-2021.10.linux64_1.0.0.202111181127/tools/bin/../lib/gcc/arm-none-eabi/10.3.1/../../../../arm-none-eabi/lib/thumb/v7e-m+fp/hard/libc_nano.a(lib_a-nano-mallocr.o)
                0x0000000020012e8c                __malloc_free_list
 .bss.__malloc_sbrk_start
                0x0000000020012e90        0x4 /home/linkachu/st/stm32cubeide_1.10.1/plugins/com.st.stm32cube.ide.mcu.externaltools.gnu-tools-for-stm32.10.3-2021.10.linux64_1.0.0.202111181127/tools/bin/../lib/gcc/arm-none-eabi/10.3.1/../../../../arm-none-eabi/lib/thumb/v7e-m+fp/hard/libc_nano.a(lib_a-nano-mallocr.o)
                0x0000000020012e90                __malloc_sbrk_start
 .bss.errno     0x0000000020012e94        0x4 /home/linkachu/st/stm32cubeide_1.10.1/plugins/com.st.stm32cube.ide.mcu.externaltools.gnu-tools-for-stm32.10.3-2021.10.linux64_1.0.0.202111181127/tools/bin/../lib/gcc/arm-none-eabi/10.3.1/../../../../arm-none-eabi/lib/thumb/v7e-m+fp/hard/libc_nano.a(lib_a-reent.o)
                0x0000000020012e94                errno
 .bss.heap_end.0
                0x0000000020012e98        0x4 /home/linkachu/st/stm32cubeide_1.10.1/plugins/com.st.stm32cube.ide.mcu.externaltools.gnu-tools-for-stm32.10.3-2021.10.linux64_1.0.0.202111181127/tools/bin/../lib/gcc/arm-none-eabi/10.3.1/../../../../arm-none-eabi/lib/thumb/v7e-m+fp/hard/libnosys.a(sbrk.o)
 *(COMMON)
                0x0000000020012e9c                . = ALIGN (0x4)
                0x0000000020012e9c                _ebss = .
                0x0000000020012e9c                __bss_end__ = _ebss

._user_heap_stack
                0x0000000020012e9c      0x604
                0x0000000020012ea0                . = ALIGN (0x8)
 *fill*         0x0000000020012e9c        0x4 
                0x0000000020012ea0                PROVIDE (end = .)
                [!provide]                        PROVIDE (_end = .)
                0x00000000200130a0                . = (. + _Min_Heap_Size)
 *fill*         0x0000000020012ea0      0x200 
                0x00000000200134a0                . = (. + _Min_Stack_Size)
 *fill*         0x00000000200130a0      0x400 
                0x00000000200134a0                . = ALIGN (0x8)

/DISCARD/
 libc.a(*)
 libm.a(*)
 libgcc.a(*)

.ARM.attributes
                0x0000000000000000       0x30
 *(.ARM.attributes)
 .ARM.attributes
                0x0000000000000000       0x1e /home/linkachu/st/stm32cubeide_1.10.1/plugins/com.st.stm32cube.ide.mcu.externaltools.gnu-tools-for-stm32.10.3-2021.10.linux64_1.0.0.202111181127/tools/bin/../lib/gcc/arm-none-eabi/10.3.1/thumb/v7e-m+fp/hard/crti.o
 .ARM.attributes
                0x000000000000001e       0x34 /home/linkachu/st/stm32cubeide_1.10.1/plugins/com.st.stm32cube.ide.mcu.externaltools.gnu-tools-for-stm32.10.3-2021.10.linux64_1.0.0.202111181127/tools/bin/../lib/gcc/arm-none-eabi/10.3.1/thumb/v7e-m+fp/hard/crtbegin.o
 .ARM.attributes
                0x0000000000000052       0x34 ./Core/Src/main.o
 .ARM.attributes
                0x0000000000000086       0x34 ./Core/Src/stm32f4xx_hal_msp.o
 .ARM.attributes
                0x00000000000000ba       0x34 ./Core/Src/stm32f4xx_hal_timebase_tim.o
 .ARM.attributes
                0x00000000000000ee       0x34 ./Core/Src/stm32f4xx_it.o
 .ARM.attributes
                0x0000000000000122       0x34 ./Core/Src/syscalls.o
 .ARM.attributes
                0x0000000000000156       0x34 ./Core/Src/system_stm32f4xx.o
 .ARM.attributes
                0x000000000000018a       0x21 ./Core/Startup/startup_stm32f407vgtx.o
 .ARM.attributes
                0x00000000000001ab       0x34 ./Drivers/STM32F4xx_HAL_Driver/Src/stm32f4xx_hal.o
 .ARM.attributes
                0x00000000000001df       0x34 ./Drivers/STM32F4xx_HAL_Driver/Src/stm32f4xx_hal_cortex.o
 .ARM.attributes
                0x0000000000000213       0x34 ./Drivers/STM32F4xx_HAL_Driver/Src/stm32f4xx_hal_gpio.o
 .ARM.attributes
                0x0000000000000247       0x34 ./Drivers/STM32F4xx_HAL_Driver/Src/stm32f4xx_hal_rcc.o
 .ARM.attributes
                0x000000000000027b       0x34 ./Drivers/STM32F4xx_HAL_Driver/Src/stm32f4xx_hal_tim.o
 .ARM.attributes
                0x00000000000002af       0x34 ./Drivers/STM32F4xx_HAL_Driver/Src/stm32f4xx_hal_tim_ex.o
 .ARM.attributes
                0x00000000000002e3       0x34 ./ThirdParty/FreeRTOS/list.o
 .ARM.attributes
                0x0000000000000317       0x34 ./ThirdParty/FreeRTOS/queue.o
 .ARM.attributes
                0x000000000000034b       0x34 ./ThirdParty/FreeRTOS/tasks.o
 .ARM.attributes
                0x000000000000037f       0x34 ./ThirdParty/FreeRTOS/timers.o
 .ARM.attributes
                0x00000000000003b3       0x34 ./ThirdParty/FreeRTOS/portable/GCC/ARM_CM4F/port.o
 .ARM.attributes
                0x00000000000003e7       0x34 ./ThirdParty/FreeRTOS/portable/MemMang/heap_4.o
 .ARM.attributes
                0x000000000000041b       0x34 /home/linkachu/st/stm32cubeide_1.10.1/plugins/com.st.stm32cube.ide.mcu.externaltools.gnu-tools-for-stm32.10.3-2021.10.linux64_1.0.0.202111181127/tools/bin/../lib/gcc/arm-none-eabi/10.3.1/../../../../arm-none-eabi/lib/thumb/v7e-m+fp/hard/libc_nano.a(lib_a-impure.o)
 .ARM.attributes
                0x000000000000044f       0x34 /home/linkachu/st/stm32cubeide_1.10.1/plugins/com.st.stm32cube.ide.mcu.externaltools.gnu-tools-for-stm32.10.3-2021.10.linux64_1.0.0.202111181127/tools/bin/../lib/gcc/arm-none-eabi/10.3.1/../../../../arm-none-eabi/lib/thumb/v7e-m+fp/hard/libc_nano.a(lib_a-init.o)
 .ARM.attributes
                0x0000000000000483       0x34 /home/linkachu/st/stm32cubeide_1.10.1/plugins/com.st.stm32cube.ide.mcu.externaltools.gnu-tools-for-stm32.10.3-2021.10.linux64_1.0.0.202111181127/tools/bin/../lib/gcc/arm-none-eabi/10.3.1/../../../../arm-none-eabi/lib/thumb/v7e-m+fp/hard/libc_nano.a(lib_a-memcpy-stub.o)
 .ARM.attributes
                0x00000000000004b7       0x34 /home/linkachu/st/stm32cubeide_1.10.1/plugins/com.st.stm32cube.ide.mcu.externaltools.gnu-tools-for-stm32.10.3-2021.10.linux64_1.0.0.202111181127/tools/bin/../lib/gcc/arm-none-eabi/10.3.1/../../../../arm-none-eabi/lib/thumb/v7e-m+fp/hard/libc_nano.a(lib_a-memset.o)
 .ARM.attributes
                0x00000000000004eb       0x34 /home/linkachu/st/stm32cubeide_1.10.1/plugins/com.st.stm32cube.ide.mcu.externaltools.gnu-tools-for-stm32.10.3-2021.10.linux64_1.0.0.202111181127/tools/bin/../lib/gcc/arm-none-eabi/10.3.1/../../../../arm-none-eabi/lib/thumb/v7e-m+fp/hard/libc_nano.a(lib_a-puts.o)
 .ARM.attributes
                0x000000000000051f       0x34 /home/linkachu/st/stm32cubeide_1.10.1/plugins/com.st.stm32cube.ide.mcu.externaltools.gnu-tools-for-stm32.10.3-2021.10.linux64_1.0.0.202111181127/tools/bin/../lib/gcc/arm-none-eabi/10.3.1/../../../../arm-none-eabi/lib/thumb/v7e-m+fp/hard/libc_nano.a(lib_a-wbuf.o)
 .ARM.attributes
                0x0000000000000553       0x34 /home/linkachu/st/stm32cubeide_1.10.1/plugins/com.st.stm32cube.ide.mcu.externaltools.gnu-tools-for-stm32.10.3-2021.10.linux64_1.0.0.202111181127/tools/bin/../lib/gcc/arm-none-eabi/10.3.1/../../../../arm-none-eabi/lib/thumb/v7e-m+fp/hard/libc_nano.a(lib_a-wsetup.o)
 .ARM.attributes
                0x0000000000000587       0x34 /home/linkachu/st/stm32cubeide_1.10.1/plugins/com.st.stm32cube.ide.mcu.externaltools.gnu-tools-for-stm32.10.3-2021.10.linux64_1.0.0.202111181127/tools/bin/../lib/gcc/arm-none-eabi/10.3.1/../../../../arm-none-eabi/lib/thumb/v7e-m+fp/hard/libc_nano.a(lib_a-fflush.o)
 .ARM.attributes
                0x00000000000005bb       0x34 /home/linkachu/st/stm32cubeide_1.10.1/plugins/com.st.stm32cube.ide.mcu.externaltools.gnu-tools-for-stm32.10.3-2021.10.linux64_1.0.0.202111181127/tools/bin/../lib/gcc/arm-none-eabi/10.3.1/../../../../arm-none-eabi/lib/thumb/v7e-m+fp/hard/libc_nano.a(lib_a-findfp.o)
 .ARM.attributes
                0x00000000000005ef       0x34 /home/linkachu/st/stm32cubeide_1.10.1/plugins/com.st.stm32cube.ide.mcu.externaltools.gnu-tools-for-stm32.10.3-2021.10.linux64_1.0.0.202111181127/tools/bin/../lib/gcc/arm-none-eabi/10.3.1/../../../../arm-none-eabi/lib/thumb/v7e-m+fp/hard/libc_nano.a(lib_a-fwalk.o)
 .ARM.attributes
                0x0000000000000623       0x34 /home/linkachu/st/stm32cubeide_1.10.1/plugins/com.st.stm32cube.ide.mcu.externaltools.gnu-tools-for-stm32.10.3-2021.10.linux64_1.0.0.202111181127/tools/bin/../lib/gcc/arm-none-eabi/10.3.1/../../../../arm-none-eabi/lib/thumb/v7e-m+fp/hard/libc_nano.a(lib_a-lock.o)
 .ARM.attributes
                0x0000000000000657       0x34 /home/linkachu/st/stm32cubeide_1.10.1/plugins/com.st.stm32cube.ide.mcu.externaltools.gnu-tools-for-stm32.10.3-2021.10.linux64_1.0.0.202111181127/tools/bin/../lib/gcc/arm-none-eabi/10.3.1/../../../../arm-none-eabi/lib/thumb/v7e-m+fp/hard/libc_nano.a(lib_a-makebuf.o)
 .ARM.attributes
                0x000000000000068b       0x34 /home/linkachu/st/stm32cubeide_1.10.1/plugins/com.st.stm32cube.ide.mcu.externaltools.gnu-tools-for-stm32.10.3-2021.10.linux64_1.0.0.202111181127/tools/bin/../lib/gcc/arm-none-eabi/10.3.1/../../../../arm-none-eabi/lib/thumb/v7e-m+fp/hard/libc_nano.a(lib_a-nano-freer.o)
 .ARM.attributes
                0x00000000000006bf       0x34 /home/linkachu/st/stm32cubeide_1.10.1/plugins/com.st.stm32cube.ide.mcu.externaltools.gnu-tools-for-stm32.10.3-2021.10.linux64_1.0.0.202111181127/tools/bin/../lib/gcc/arm-none-eabi/10.3.1/../../../../arm-none-eabi/lib/thumb/v7e-m+fp/hard/libc_nano.a(lib_a-nano-mallocr.o)
 .ARM.attributes
                0x00000000000006f3       0x34 /home/linkachu/st/stm32cubeide_1.10.1/plugins/com.st.stm32cube.ide.mcu.externaltools.gnu-tools-for-stm32.10.3-2021.10.linux64_1.0.0.202111181127/tools/bin/../lib/gcc/arm-none-eabi/10.3.1/../../../../arm-none-eabi/lib/thumb/v7e-m+fp/hard/libc_nano.a(lib_a-sbrkr.o)
 .ARM.attributes
                0x0000000000000727       0x34 /home/linkachu/st/stm32cubeide_1.10.1/plugins/com.st.stm32cube.ide.mcu.externaltools.gnu-tools-for-stm32.10.3-2021.10.linux64_1.0.0.202111181127/tools/bin/../lib/gcc/arm-none-eabi/10.3.1/../../../../arm-none-eabi/lib/thumb/v7e-m+fp/hard/libc_nano.a(lib_a-stdio.o)
 .ARM.attributes
                0x000000000000075b       0x34 /home/linkachu/st/stm32cubeide_1.10.1/plugins/com.st.stm32cube.ide.mcu.externaltools.gnu-tools-for-stm32.10.3-2021.10.linux64_1.0.0.202111181127/tools/bin/../lib/gcc/arm-none-eabi/10.3.1/../../../../arm-none-eabi/lib/thumb/v7e-m+fp/hard/libc_nano.a(lib_a-writer.o)
 .ARM.attributes
                0x000000000000078f       0x34 /home/linkachu/st/stm32cubeide_1.10.1/plugins/com.st.stm32cube.ide.mcu.externaltools.gnu-tools-for-stm32.10.3-2021.10.linux64_1.0.0.202111181127/tools/bin/../lib/gcc/arm-none-eabi/10.3.1/../../../../arm-none-eabi/lib/thumb/v7e-m+fp/hard/libc_nano.a(lib_a-closer.o)
 .ARM.attributes
                0x00000000000007c3       0x34 /home/linkachu/st/stm32cubeide_1.10.1/plugins/com.st.stm32cube.ide.mcu.externaltools.gnu-tools-for-stm32.10.3-2021.10.linux64_1.0.0.202111181127/tools/bin/../lib/gcc/arm-none-eabi/10.3.1/../../../../arm-none-eabi/lib/thumb/v7e-m+fp/hard/libc_nano.a(lib_a-fstatr.o)
 .ARM.attributes
                0x00000000000007f7       0x34 /home/linkachu/st/stm32cubeide_1.10.1/plugins/com.st.stm32cube.ide.mcu.externaltools.gnu-tools-for-stm32.10.3-2021.10.linux64_1.0.0.202111181127/tools/bin/../lib/gcc/arm-none-eabi/10.3.1/../../../../arm-none-eabi/lib/thumb/v7e-m+fp/hard/libc_nano.a(lib_a-isattyr.o)
 .ARM.attributes
                0x000000000000082b       0x34 /home/linkachu/st/stm32cubeide_1.10.1/plugins/com.st.stm32cube.ide.mcu.externaltools.gnu-tools-for-stm32.10.3-2021.10.linux64_1.0.0.202111181127/tools/bin/../lib/gcc/arm-none-eabi/10.3.1/../../../../arm-none-eabi/lib/thumb/v7e-m+fp/hard/libc_nano.a(lib_a-lseekr.o)
 .ARM.attributes
                0x000000000000085f       0x34 /home/linkachu/st/stm32cubeide_1.10.1/plugins/com.st.stm32cube.ide.mcu.externaltools.gnu-tools-for-stm32.10.3-2021.10.linux64_1.0.0.202111181127/tools/bin/../lib/gcc/arm-none-eabi/10.3.1/../../../../arm-none-eabi/lib/thumb/v7e-m+fp/hard/libc_nano.a(lib_a-mlock.o)
 .ARM.attributes
                0x0000000000000893       0x34 /home/linkachu/st/stm32cubeide_1.10.1/plugins/com.st.stm32cube.ide.mcu.externaltools.gnu-tools-for-stm32.10.3-2021.10.linux64_1.0.0.202111181127/tools/bin/../lib/gcc/arm-none-eabi/10.3.1/../../../../arm-none-eabi/lib/thumb/v7e-m+fp/hard/libc_nano.a(lib_a-readr.o)
 .ARM.attributes
                0x00000000000008c7       0x34 /home/linkachu/st/stm32cubeide_1.10.1/plugins/com.st.stm32cube.ide.mcu.externaltools.gnu-tools-for-stm32.10.3-2021.10.linux64_1.0.0.202111181127/tools/bin/../lib/gcc/arm-none-eabi/10.3.1/../../../../arm-none-eabi/lib/thumb/v7e-m+fp/hard/libc_nano.a(lib_a-reent.o)
 .ARM.attributes
                0x00000000000008fb       0x1e /home/linkachu/st/stm32cubeide_1.10.1/plugins/com.st.stm32cube.ide.mcu.externaltools.gnu-tools-for-stm32.10.3-2021.10.linux64_1.0.0.202111181127/tools/bin/../lib/gcc/arm-none-eabi/10.3.1/thumb/v7e-m+fp/hard/libgcc.a(_aeabi_uldivmod.o)
 .ARM.attributes
                0x0000000000000919       0x34 /home/linkachu/st/stm32cubeide_1.10.1/plugins/com.st.stm32cube.ide.mcu.externaltools.gnu-tools-for-stm32.10.3-2021.10.linux64_1.0.0.202111181127/tools/bin/../lib/gcc/arm-none-eabi/10.3.1/thumb/v7e-m+fp/hard/libgcc.a(_udivmoddi4.o)
 .ARM.attributes
                0x000000000000094d       0x1e /home/linkachu/st/stm32cubeide_1.10.1/plugins/com.st.stm32cube.ide.mcu.externaltools.gnu-tools-for-stm32.10.3-2021.10.linux64_1.0.0.202111181127/tools/bin/../lib/gcc/arm-none-eabi/10.3.1/thumb/v7e-m+fp/hard/libgcc.a(_dvmd_tls.o)
 .ARM.attributes
                0x000000000000096b       0x34 /home/linkachu/st/stm32cubeide_1.10.1/plugins/com.st.stm32cube.ide.mcu.externaltools.gnu-tools-for-stm32.10.3-2021.10.linux64_1.0.0.202111181127/tools/bin/../lib/gcc/arm-none-eabi/10.3.1/../../../../arm-none-eabi/lib/thumb/v7e-m+fp/hard/libnosys.a(sbrk.o)
 .ARM.attributes
                0x000000000000099f       0x1e /home/linkachu/st/stm32cubeide_1.10.1/plugins/com.st.stm32cube.ide.mcu.externaltools.gnu-tools-for-stm32.10.3-2021.10.linux64_1.0.0.202111181127/tools/bin/../lib/gcc/arm-none-eabi/10.3.1/thumb/v7e-m+fp/hard/crtn.o
OUTPUT(001Tasks.elf elf32-littlearm)
LOAD linker stubs
LOAD /home/linkachu/st/stm32cubeide_1.10.1/plugins/com.st.stm32cube.ide.mcu.externaltools.gnu-tools-for-stm32.10.3-2021.10.linux64_1.0.0.202111181127/tools/bin/../lib/gcc/arm-none-eabi/10.3.1/../../../../arm-none-eabi/lib/thumb/v7e-m+fp/hard/libc.a
LOAD /home/linkachu/st/stm32cubeide_1.10.1/plugins/com.st.stm32cube.ide.mcu.externaltools.gnu-tools-for-stm32.10.3-2021.10.linux64_1.0.0.202111181127/tools/bin/../lib/gcc/arm-none-eabi/10.3.1/../../../../arm-none-eabi/lib/thumb/v7e-m+fp/hard/libm.a
LOAD /home/linkachu/st/stm32cubeide_1.10.1/plugins/com.st.stm32cube.ide.mcu.externaltools.gnu-tools-for-stm32.10.3-2021.10.linux64_1.0.0.202111181127/tools/bin/../lib/gcc/arm-none-eabi/10.3.1/thumb/v7e-m+fp/hard/libgcc.a

.debug_info     0x0000000000000000     0xf16e
 .debug_info    0x0000000000000000      0xeb6 ./Core/Src/main.o
 .debug_info    0x0000000000000eb6      0x2a8 ./Core/Src/stm32f4xx_hal_msp.o
 .debug_info    0x000000000000115e      0xc4b ./Core/Src/stm32f4xx_hal_timebase_tim.o
 .debug_info    0x0000000000001da9      0x6f8 ./Core/Src/stm32f4xx_it.o
 .debug_info    0x00000000000024a1      0x6e0 ./Core/Src/syscalls.o
 .debug_info    0x0000000000002b81      0x523 ./Core/Src/system_stm32f4xx.o
 .debug_info    0x00000000000030a4       0x22 ./Core/Startup/startup_stm32f407vgtx.o
 .debug_info    0x00000000000030c6      0x97c ./Drivers/STM32F4xx_HAL_Driver/Src/stm32f4xx_hal.o
 .debug_info    0x0000000000003a42      0xe1b ./Drivers/STM32F4xx_HAL_Driver/Src/stm32f4xx_hal_cortex.o
 .debug_info    0x000000000000485d      0x76a ./Drivers/STM32F4xx_HAL_Driver/Src/stm32f4xx_hal_gpio.o
 .debug_info    0x0000000000004fc7      0x966 ./Drivers/STM32F4xx_HAL_Driver/Src/stm32f4xx_hal_rcc.o
 .debug_info    0x000000000000592d     0x2bbe ./Drivers/STM32F4xx_HAL_Driver/Src/stm32f4xx_hal_tim.o
 .debug_info    0x00000000000084eb     0x15e0 ./Drivers/STM32F4xx_HAL_Driver/Src/stm32f4xx_hal_tim_ex.o
 .debug_info    0x0000000000009acb      0x2d1 ./ThirdParty/FreeRTOS/list.o
 .debug_info    0x0000000000009d9c     0x18ee ./ThirdParty/FreeRTOS/queue.o
 .debug_info    0x000000000000b68a     0x21f3 ./ThirdParty/FreeRTOS/tasks.o
 .debug_info    0x000000000000d87d      0xedd ./ThirdParty/FreeRTOS/timers.o
 .debug_info    0x000000000000e75a      0x507 ./ThirdParty/FreeRTOS/portable/GCC/ARM_CM4F/port.o
 .debug_info    0x000000000000ec61      0x50d ./ThirdParty/FreeRTOS/portable/MemMang/heap_4.o

.debug_abbrev   0x0000000000000000     0x26dc
 .debug_abbrev  0x0000000000000000      0x2d0 ./Core/Src/main.o
 .debug_abbrev  0x00000000000002d0       0xd4 ./Core/Src/stm32f4xx_hal_msp.o
 .debug_abbrev  0x00000000000003a4      0x1e6 ./Core/Src/stm32f4xx_hal_timebase_tim.o
 .debug_abbrev  0x000000000000058a      0x171 ./Core/Src/stm32f4xx_it.o
 .debug_abbrev  0x00000000000006fb      0x1b3 ./Core/Src/syscalls.o
 .debug_abbrev  0x00000000000008ae      0x116 ./Core/Src/system_stm32f4xx.o
 .debug_abbrev  0x00000000000009c4       0x12 ./Core/Startup/startup_stm32f407vgtx.o
 .debug_abbrev  0x00000000000009d6      0x20d ./Drivers/STM32F4xx_HAL_Driver/Src/stm32f4xx_hal.o
 .debug_abbrev  0x0000000000000be3      0x316 ./Drivers/STM32F4xx_HAL_Driver/Src/stm32f4xx_hal_cortex.o
 .debug_abbrev  0x0000000000000ef9      0x1c4 ./Drivers/STM32F4xx_HAL_Driver/Src/stm32f4xx_hal_gpio.o
 .debug_abbrev  0x00000000000010bd      0x2aa ./Drivers/STM32F4xx_HAL_Driver/Src/stm32f4xx_hal_rcc.o
 .debug_abbrev  0x0000000000001367      0x25d ./Drivers/STM32F4xx_HAL_Driver/Src/stm32f4xx_hal_tim.o
 .debug_abbrev  0x00000000000015c4      0x265 ./Drivers/STM32F4xx_HAL_Driver/Src/stm32f4xx_hal_tim_ex.o
 .debug_abbrev  0x0000000000001829       0xf2 ./ThirdParty/FreeRTOS/list.o
 .debug_abbrev  0x000000000000191b      0x312 ./ThirdParty/FreeRTOS/queue.o
 .debug_abbrev  0x0000000000001c2d      0x36c ./ThirdParty/FreeRTOS/tasks.o
 .debug_abbrev  0x0000000000001f99      0x2d8 ./ThirdParty/FreeRTOS/timers.o
 .debug_abbrev  0x0000000000002271      0x259 ./ThirdParty/FreeRTOS/portable/GCC/ARM_CM4F/port.o
 .debug_abbrev  0x00000000000024ca      0x212 ./ThirdParty/FreeRTOS/portable/MemMang/heap_4.o

.debug_aranges  0x0000000000000000      0xf20
 .debug_aranges
                0x0000000000000000       0x50 ./Core/Src/main.o
 .debug_aranges
                0x0000000000000050       0x20 ./Core/Src/stm32f4xx_hal_msp.o
 .debug_aranges
                0x0000000000000070       0x30 ./Core/Src/stm32f4xx_hal_timebase_tim.o
 .debug_aranges
                0x00000000000000a0       0x50 ./Core/Src/stm32f4xx_it.o
 .debug_aranges
                0x00000000000000f0       0xa8 ./Core/Src/syscalls.o
 .debug_aranges
                0x0000000000000198       0x28 ./Core/Src/system_stm32f4xx.o
 .debug_aranges
                0x00000000000001c0       0x28 ./Core/Startup/startup_stm32f407vgtx.o
 .debug_aranges
                0x00000000000001e8       0xf0 ./Drivers/STM32F4xx_HAL_Driver/Src/stm32f4xx_hal.o
 .debug_aranges
                0x00000000000002d8      0x118 ./Drivers/STM32F4xx_HAL_Driver/Src/stm32f4xx_hal_cortex.o
 .debug_aranges
                0x00000000000003f0       0x58 ./Drivers/STM32F4xx_HAL_Driver/Src/stm32f4xx_hal_gpio.o
 .debug_aranges
                0x0000000000000448       0x88 ./Drivers/STM32F4xx_HAL_Driver/Src/stm32f4xx_hal_rcc.o
 .debug_aranges
                0x00000000000004d0      0x3d0 ./Drivers/STM32F4xx_HAL_Driver/Src/stm32f4xx_hal_tim.o
 .debug_aranges
                0x00000000000008a0      0x168 ./Drivers/STM32F4xx_HAL_Driver/Src/stm32f4xx_hal_tim_ex.o
 .debug_aranges
                0x0000000000000a08       0x40 ./ThirdParty/FreeRTOS/list.o
 .debug_aranges
                0x0000000000000a48      0x130 ./ThirdParty/FreeRTOS/queue.o
 .debug_aranges
                0x0000000000000b78      0x1f8 ./ThirdParty/FreeRTOS/tasks.o
 .debug_aranges
                0x0000000000000d70       0xd8 ./ThirdParty/FreeRTOS/timers.o
 .debug_aranges
                0x0000000000000e48       0x80 ./ThirdParty/FreeRTOS/portable/GCC/ARM_CM4F/port.o
 .debug_aranges
                0x0000000000000ec8       0x58 ./ThirdParty/FreeRTOS/portable/MemMang/heap_4.o

.debug_ranges   0x0000000000000000      0xdf8
 .debug_ranges  0x0000000000000000       0x40 ./Core/Src/main.o
 .debug_ranges  0x0000000000000040       0x10 ./Core/Src/stm32f4xx_hal_msp.o
 .debug_ranges  0x0000000000000050       0x20 ./Core/Src/stm32f4xx_hal_timebase_tim.o
 .debug_ranges  0x0000000000000070       0x40 ./Core/Src/stm32f4xx_it.o
 .debug_ranges  0x00000000000000b0       0x98 ./Core/Src/syscalls.o
 .debug_ranges  0x0000000000000148       0x18 ./Core/Src/system_stm32f4xx.o
 .debug_ranges  0x0000000000000160       0x20 ./Core/Startup/startup_stm32f407vgtx.o
 .debug_ranges  0x0000000000000180       0xe0 ./Drivers/STM32F4xx_HAL_Driver/Src/stm32f4xx_hal.o
 .debug_ranges  0x0000000000000260      0x108 ./Drivers/STM32F4xx_HAL_Driver/Src/stm32f4xx_hal_cortex.o
 .debug_ranges  0x0000000000000368       0x48 ./Drivers/STM32F4xx_HAL_Driver/Src/stm32f4xx_hal_gpio.o
 .debug_ranges  0x00000000000003b0       0x78 ./Drivers/STM32F4xx_HAL_Driver/Src/stm32f4xx_hal_rcc.o
 .debug_ranges  0x0000000000000428      0x3c0 ./Drivers/STM32F4xx_HAL_Driver/Src/stm32f4xx_hal_tim.o
 .debug_ranges  0x00000000000007e8      0x158 ./Drivers/STM32F4xx_HAL_Driver/Src/stm32f4xx_hal_tim_ex.o
 .debug_ranges  0x0000000000000940       0x30 ./ThirdParty/FreeRTOS/list.o
 .debug_ranges  0x0000000000000970      0x120 ./ThirdParty/FreeRTOS/queue.o
 .debug_ranges  0x0000000000000a90      0x1e8 ./ThirdParty/FreeRTOS/tasks.o
 .debug_ranges  0x0000000000000c78       0xc8 ./ThirdParty/FreeRTOS/timers.o
 .debug_ranges  0x0000000000000d40       0x70 ./ThirdParty/FreeRTOS/portable/GCC/ARM_CM4F/port.o
 .debug_ranges  0x0000000000000db0       0x48 ./ThirdParty/FreeRTOS/portable/MemMang/heap_4.o

.debug_macro    0x0000000000000000    0x22bc9
 .debug_macro   0x0000000000000000      0x39a ./Core/Src/main.o
 .debug_macro   0x000000000000039a      0xa78 ./Core/Src/main.o
 .debug_macro   0x0000000000000e12      0x295 ./Core/Src/main.o
 .debug_macro   0x00000000000010a7       0x2e ./Core/Src/main.o
 .debug_macro   0x00000000000010d5       0x2f ./Core/Src/main.o
 .debug_macro   0x0000000000001104       0x22 ./Core/Src/main.o
 .debug_macro   0x0000000000001126       0x8e ./Core/Src/main.o
 .debug_macro   0x00000000000011b4       0x51 ./Core/Src/main.o
 .debug_macro   0x0000000000001205      0x103 ./Core/Src/main.o
 .debug_macro   0x0000000000001308       0x6a ./Core/Src/main.o
 .debug_macro   0x0000000000001372      0x1df ./Core/Src/main.o
 .debug_macro   0x0000000000001551       0x1c ./Core/Src/main.o
 .debug_macro   0x000000000000156d       0x22 ./Core/Src/main.o
 .debug_macro   0x000000000000158f       0xd9 ./Core/Src/main.o
 .debug_macro   0x0000000000001668     0x102d ./Core/Src/main.o
 .debug_macro   0x0000000000002695      0x11f ./Core/Src/main.o
 .debug_macro   0x00000000000027b4    0x15e82 ./Core/Src/main.o
 .debug_macro   0x0000000000018636       0x6d ./Core/Src/main.o
 .debug_macro   0x00000000000186a3     0x367e ./Core/Src/main.o
 .debug_macro   0x000000000001bd21      0x174 ./Core/Src/main.o
 .debug_macro   0x000000000001be95       0x5c ./Core/Src/main.o
 .debug_macro   0x000000000001bef1      0x96b ./Core/Src/main.o
 .debug_macro   0x000000000001c85c      0x9fe ./Core/Src/main.o
 .debug_macro   0x000000000001d25a      0x115 ./Core/Src/main.o
 .debug_macro   0x000000000001d36f      0x13e ./Core/Src/main.o
 .debug_macro   0x000000000001d4ad       0xa5 ./Core/Src/main.o
 .debug_macro   0x000000000001d552      0x174 ./Core/Src/main.o
 .debug_macro   0x000000000001d6c6      0x287 ./Core/Src/main.o
 .debug_macro   0x000000000001d94d       0x5f ./Core/Src/main.o
 .debug_macro   0x000000000001d9ac      0x236 ./Core/Src/main.o
 .debug_macro   0x000000000001dbe2      0x12c ./Core/Src/main.o
 .debug_macro   0x000000000001dd0e      0x21e ./Core/Src/main.o
 .debug_macro   0x000000000001df2c       0x2e ./Core/Src/main.o
 .debug_macro   0x000000000001df5a      0x11a ./Core/Src/main.o
 .debug_macro   0x000000000001e074       0x7e ./Core/Src/main.o
 .debug_macro   0x000000000001e0f2       0x89 ./Core/Src/main.o
 .debug_macro   0x000000000001e17b      0x8e6 ./Core/Src/main.o
 .debug_macro   0x000000000001ea61       0x47 ./Core/Src/main.o
 .debug_macro   0x000000000001eaa8      0x12d ./Core/Src/main.o
 .debug_macro   0x000000000001ebd5      0x190 ./Core/Src/main.o
 .debug_macro   0x000000000001ed65      0x106 ./Core/Src/main.o
 .debug_macro   0x000000000001ee6b      0x15a ./Core/Src/main.o
 .debug_macro   0x000000000001efc5       0xea ./Core/Src/main.o
 .debug_macro   0x000000000001f0af       0x1c ./Core/Src/main.o
 .debug_macro   0x000000000001f0cb       0x26 ./Core/Src/main.o
 .debug_macro   0x000000000001f0f1      0x4fd ./Core/Src/main.o
 .debug_macro   0x000000000001f5ee       0xb5 ./Core/Src/main.o
 .debug_macro   0x000000000001f6a3      0x120 ./Core/Src/main.o
 .debug_macro   0x000000000001f7c3       0x52 ./Core/Src/main.o
 .debug_macro   0x000000000001f815       0x1e ./Core/Src/main.o
 .debug_macro   0x000000000001f833       0x3c ./Core/Src/main.o
 .debug_macro   0x000000000001f86f       0x34 ./Core/Src/main.o
 .debug_macro   0x000000000001f8a3       0x16 ./Core/Src/main.o
 .debug_macro   0x000000000001f8b9       0x35 ./Core/Src/main.o
 .debug_macro   0x000000000001f8ee      0x341 ./Core/Src/main.o
 .debug_macro   0x000000000001fc2f       0x10 ./Core/Src/main.o
 .debug_macro   0x000000000001fc3f       0x16 ./Core/Src/main.o
 .debug_macro   0x000000000001fc55       0x43 ./Core/Src/main.o
 .debug_macro   0x000000000001fc98       0x34 ./Core/Src/main.o
 .debug_macro   0x000000000001fccc       0x10 ./Core/Src/main.o
 .debug_macro   0x000000000001fcdc       0x58 ./Core/Src/main.o
 .debug_macro   0x000000000001fd34       0x71 ./Core/Src/main.o
 .debug_macro   0x000000000001fda5       0x1c ./Core/Src/main.o
 .debug_macro   0x000000000001fdc1      0x12a ./Core/Src/main.o
 .debug_macro   0x000000000001feeb       0x10 ./Core/Src/main.o
 .debug_macro   0x000000000001fefb       0x1c ./Core/Src/main.o
 .debug_macro   0x000000000001ff17       0x52 ./Core/Src/main.o
 .debug_macro   0x000000000001ff69       0x22 ./Core/Src/main.o
 .debug_macro   0x000000000001ff8b       0x10 ./Core/Src/main.o
 .debug_macro   0x000000000001ff9b       0x52 ./Core/Src/main.o
 .debug_macro   0x000000000001ffed       0xd5 ./Core/Src/main.o
 .debug_macro   0x00000000000200c2       0x1c ./Core/Src/main.o
 .debug_macro   0x00000000000200de       0x3d ./Core/Src/main.o
 .debug_macro   0x000000000002011b       0x16 ./Core/Src/main.o
 .debug_macro   0x0000000000020131      0x145 ./Core/Src/main.o
 .debug_macro   0x0000000000020276      0x1d3 ./Core/Src/stm32f4xx_hal_msp.o
 .debug_macro   0x0000000000020449      0x1c4 ./Core/Src/stm32f4xx_hal_timebase_tim.o
 .debug_macro   0x000000000002060d      0x1dd ./Core/Src/stm32f4xx_it.o
 .debug_macro   0x00000000000207ea      0x24c ./Core/Src/syscalls.o
 .debug_macro   0x0000000000020a36       0x4c ./Core/Src/syscalls.o
 .debug_macro   0x0000000000020a82       0x94 ./Core/Src/syscalls.o
 .debug_macro   0x0000000000020b16       0x57 ./Core/Src/syscalls.o
 .debug_macro   0x0000000000020b6d       0x10 ./Core/Src/syscalls.o
 .debug_macro   0x0000000000020b7d       0x10 ./Core/Src/syscalls.o
 .debug_macro   0x0000000000020b8d       0x10 ./Core/Src/syscalls.o
 .debug_macro   0x0000000000020b9d       0x35 ./Core/Src/syscalls.o
 .debug_macro   0x0000000000020bd2      0x12c ./Core/Src/syscalls.o
 .debug_macro   0x0000000000020cfe       0x16 ./Core/Src/syscalls.o
 .debug_macro   0x0000000000020d14       0x16 ./Core/Src/syscalls.o
 .debug_macro   0x0000000000020d2a       0x29 ./Core/Src/syscalls.o
 .debug_macro   0x0000000000020d53       0x10 ./Core/Src/syscalls.o
 .debug_macro   0x0000000000020d63      0x241 ./Core/Src/syscalls.o
 .debug_macro   0x0000000000020fa4       0x1c ./Core/Src/syscalls.o
 .debug_macro   0x0000000000020fc0       0x10 ./Core/Src/syscalls.o
 .debug_macro   0x0000000000020fd0      0x189 ./Core/Src/syscalls.o
 .debug_macro   0x0000000000021159       0x16 ./Core/Src/syscalls.o
 .debug_macro   0x000000000002116f       0xce ./Core/Src/syscalls.o
 .debug_macro   0x000000000002123d      0x1c4 ./Core/Src/system_stm32f4xx.o
 .debug_macro   0x0000000000021401      0x224 ./Drivers/STM32F4xx_HAL_Driver/Src/stm32f4xx_hal.o
 .debug_macro   0x0000000000021625      0x1c4 ./Drivers/STM32F4xx_HAL_Driver/Src/stm32f4xx_hal_cortex.o
 .debug_macro   0x00000000000217e9      0x1ca ./Drivers/STM32F4xx_HAL_Driver/Src/stm32f4xx_hal_gpio.o
 .debug_macro   0x00000000000219b3      0x1e8 ./Drivers/STM32F4xx_HAL_Driver/Src/stm32f4xx_hal_rcc.o
 .debug_macro   0x0000000000021b9b      0x1c5 ./Drivers/STM32F4xx_HAL_Driver/Src/stm32f4xx_hal_tim.o
 .debug_macro   0x0000000000021d60      0x1c4 ./Drivers/STM32F4xx_HAL_Driver/Src/stm32f4xx_hal_tim_ex.o